[0.047s] Invoking command in '/home/manavendra/ros2_ws/src/build/lab1_cpp': CMAKE_PREFIX_PATH=/opt/ros/foxy CONDA_PROMPT_MODIFIER=(base) /usr/bin/cmake /home/manavendra/ros2_ws/src/lab1_cpp -DCMAKE_INSTALL_PREFIX=/home/manavendra/ros2_ws/src/install/lab1_cpp
[0.367s] -- The C compiler identification is GNU 9.4.0
[0.367s] -- The CXX compiler identification is GNU 9.4.0
[0.368s] -- Check for working C compiler: /usr/bin/cc
[0.368s] -- Check for working C compiler: /usr/bin/cc -- works
[0.369s] -- Detecting C compiler ABI info
[0.407s] -- Detecting C compiler ABI info - done
[0.429s] -- Detecting C compile features
[0.430s] -- Detecting C compile features - done
[0.433s] -- Check for working CXX compiler: /usr/bin/c++
[0.539s] -- Check for working CXX compiler: /usr/bin/c++ -- works
[0.541s] -- Detecting CXX compiler ABI info
[0.678s] -- Detecting CXX compiler ABI info - done
[0.702s] -- Detecting CXX compile features
[0.703s] -- Detecting CXX compile features - done
[0.708s] -- Found ament_cmake: 0.9.12 (/opt/ros/foxy/share/ament_cmake/cmake)
[0.750s] -- Found PythonInterp: /home/manavendra/miniconda3/bin/python3 (found suitable version "3.11.4", minimum required is "3") 
[0.750s] -- Using PYTHON_EXECUTABLE: /home/manavendra/miniconda3/bin/python3
[1.049s] -- Found rclcpp: 2.4.3 (/opt/ros/foxy/share/rclcpp/cmake)
[1.146s] -- Using all available rosidl_typesupport_c: rosidl_typesupport_fastrtps_c;rosidl_typesupport_introspection_c
[1.160s] -- Found rosidl_adapter: 1.3.1 (/opt/ros/foxy/share/rosidl_adapter/cmake)
[1.305s] -- Found OpenSSL: /usr/lib/x86_64-linux-gnu/libcrypto.so (found version "1.1.1f")  
[1.363s] -- Found FastRTPS: /opt/ros/foxy/include  
[1.515s] -- Using all available rosidl_typesupport_cpp: rosidl_typesupport_fastrtps_cpp;rosidl_typesupport_introspection_cpp
[1.635s] -- Found rmw_implementation_cmake: 1.0.4 (/opt/ros/foxy/share/rmw_implementation_cmake/cmake)
[1.638s] -- Using RMW implementation 'rmw_fastrtps_cpp' as default
[1.640s] -- Looking for pthread.h
[1.726s] -- Looking for pthread.h - found
[1.726s] -- Performing Test CMAKE_HAVE_LIBC_PTHREAD
[1.822s] -- Performing Test CMAKE_HAVE_LIBC_PTHREAD - Failed
[1.822s] -- Looking for pthread_create in pthreads
[1.903s] -- Looking for pthread_create in pthreads - not found
[1.903s] -- Looking for pthread_create in pthread
[1.987s] -- Looking for pthread_create in pthread - found
[1.988s] -- Found Threads: TRUE  
[2.189s] -- Found ackermann_msgs: 2.0.2 (/opt/ros/foxy/share/ackermann_msgs/cmake)
[2.237s] -- Found ament_lint_auto: 0.9.8 (/opt/ros/foxy/share/ament_lint_auto/cmake)
[2.355s] -- Added test 'copyright' to check source files copyright and LICENSE
[2.357s] -- Added test 'cppcheck' to perform static code analysis on C / C++ code
[2.357s] -- Configured cppcheck include dirs: 
[2.357s] -- Configured cppcheck exclude dirs and/or files: 
[2.359s] -- Added test 'cpplint' to check C / C++ code against the Google style
[2.359s] -- Configured cpplint exclude dirs and/or files: 
[2.359s] -- Added test 'flake8' to check Python code syntax and style conventions
[2.360s] -- Added test 'lint_cmake' to check CMake code style
[2.361s] -- Added test 'pep257' to check Python code against some of the style conventions in PEP 257
[2.362s] -- Added test 'uncrustify' to check C / C++ code style
[2.362s] -- Configured uncrustify additional arguments: 
[2.363s] -- Added test 'xmllint' to check XML markup files
[2.366s] -- Configuring done
[2.379s] -- Generating done
[2.381s] -- Build files have been written to: /home/manavendra/ros2_ws/src/build/lab1_cpp
[2.393s] Invoked command in '/home/manavendra/ros2_ws/src/build/lab1_cpp' returned '0': CMAKE_PREFIX_PATH=/opt/ros/foxy CONDA_PROMPT_MODIFIER=(base) /usr/bin/cmake /home/manavendra/ros2_ws/src/lab1_cpp -DCMAKE_INSTALL_PREFIX=/home/manavendra/ros2_ws/src/install/lab1_cpp
[2.397s] Invoking command in '/home/manavendra/ros2_ws/src/build/lab1_cpp': CMAKE_PREFIX_PATH=/opt/ros/foxy CONDA_PROMPT_MODIFIER=(base) /usr/bin/cmake --build /home/manavendra/ros2_ws/src/build/lab1_cpp -- -j8 -l8
[2.449s] [35m[1mScanning dependencies of target talker[0m
[2.452s] [35m[1mScanning dependencies of target relay[0m
[2.550s] [ 25%] [32mBuilding CXX object CMakeFiles/relay.dir/src/relay.cpp.o[0m
[2.552s] [ 50%] [32mBuilding CXX object CMakeFiles/talker.dir/src/talker.cpp.o[0m
[6.275s] [ 75%] [32m[1mLinking CXX executable talker[0m
[6.511s] [ 75%] Built target talker
[8.238s] [100%] [32m[1mLinking CXX executable relay[0m
[8.536s] [100%] Built target relay
[8.551s] Invoked command in '/home/manavendra/ros2_ws/src/build/lab1_cpp' returned '0': CMAKE_PREFIX_PATH=/opt/ros/foxy CONDA_PROMPT_MODIFIER=(base) /usr/bin/cmake --build /home/manavendra/ros2_ws/src/build/lab1_cpp -- -j8 -l8
[8.584s] Invoking command in '/home/manavendra/ros2_ws/src/build/lab1_cpp': CMAKE_PREFIX_PATH=/opt/ros/foxy CONDA_PROMPT_MODIFIER=(base) /usr/bin/cmake --install /home/manavendra/ros2_ws/src/build/lab1_cpp
[8.593s] -- Install configuration: ""
[8.593s] -- Installing: /home/manavendra/ros2_ws/src/install/lab1_cpp/lib/lab1_cpp/talker
[8.594s] -- Set runtime path of "/home/manavendra/ros2_ws/src/install/lab1_cpp/lib/lab1_cpp/talker" to ""
[8.594s] -- Installing: /home/manavendra/ros2_ws/src/install/lab1_cpp/lib/lab1_cpp/relay
[8.597s] -- Set runtime path of "/home/manavendra/ros2_ws/src/install/lab1_cpp/lib/lab1_cpp/relay" to ""
[8.597s] -- Installing: /home/manavendra/ros2_ws/src/install/lab1_cpp/share/lab1_cpp/launch
[8.597s] -- Installing: /home/manavendra/ros2_ws/src/install/lab1_cpp/share/lab1_cpp/launch/__pycache__
[8.598s] -- Installing: /home/manavendra/ros2_ws/src/install/lab1_cpp/share/lab1_cpp/launch/__pycache__/lab1_launch.cpython-38.pyc
[8.598s] -- Installing: /home/manavendra/ros2_ws/src/install/lab1_cpp/share/lab1_cpp/launch/lab1_launch.py
[8.598s] -- Installing: /home/manavendra/ros2_ws/src/install/lab1_cpp/share/ament_index/resource_index/package_run_dependencies/lab1_cpp
[8.598s] -- Installing: /home/manavendra/ros2_ws/src/install/lab1_cpp/share/ament_index/resource_index/parent_prefix_path/lab1_cpp
[8.598s] -- Installing: /home/manavendra/ros2_ws/src/install/lab1_cpp/share/lab1_cpp/environment/ament_prefix_path.sh
[8.599s] -- Installing: /home/manavendra/ros2_ws/src/install/lab1_cpp/share/lab1_cpp/environment/ament_prefix_path.dsv
[8.599s] -- Installing: /home/manavendra/ros2_ws/src/install/lab1_cpp/share/lab1_cpp/environment/path.sh
[8.599s] -- Installing: /home/manavendra/ros2_ws/src/install/lab1_cpp/share/lab1_cpp/environment/path.dsv
[8.599s] -- Installing: /home/manavendra/ros2_ws/src/install/lab1_cpp/share/lab1_cpp/local_setup.bash
[8.599s] -- Installing: /home/manavendra/ros2_ws/src/install/lab1_cpp/share/lab1_cpp/local_setup.sh
[8.600s] -- Installing: /home/manavendra/ros2_ws/src/install/lab1_cpp/share/lab1_cpp/local_setup.zsh
[8.600s] -- Installing: /home/manavendra/ros2_ws/src/install/lab1_cpp/share/lab1_cpp/local_setup.dsv
[8.600s] -- Installing: /home/manavendra/ros2_ws/src/install/lab1_cpp/share/lab1_cpp/package.dsv
[8.600s] -- Installing: /home/manavendra/ros2_ws/src/install/lab1_cpp/share/ament_index/resource_index/packages/lab1_cpp
[8.601s] -- Installing: /home/manavendra/ros2_ws/src/install/lab1_cpp/share/lab1_cpp/cmake/lab1_cppConfig.cmake
[8.601s] -- Installing: /home/manavendra/ros2_ws/src/install/lab1_cpp/share/lab1_cpp/cmake/lab1_cppConfig-version.cmake
[8.601s] -- Installing: /home/manavendra/ros2_ws/src/install/lab1_cpp/share/lab1_cpp/package.xml
[8.604s] Invoked command in '/home/manavendra/ros2_ws/src/build/lab1_cpp' returned '0': CMAKE_PREFIX_PATH=/opt/ros/foxy CONDA_PROMPT_MODIFIER=(base) /usr/bin/cmake --install /home/manavendra/ros2_ws/src/build/lab1_cpp
