[0.221s] DEBUG:colcon:Command line arguments: ['/usr/bin/colcon', 'build', '--packages-select', 'uav_lenviz']
[0.221s] DEBUG:colcon:Parsed command line arguments: Namespace(allow_overriding=[], ament_cmake_args=None, base_paths=['.'], build_base='build', catkin_cmake_args=None, catkin_skip_building_tests=False, cmake_args=None, cmake_clean_cache=False, cmake_clean_first=False, cmake_force_configure=False, cmake_target=None, cmake_target_skip_unavailable=False, continue_on_error=False, event_handlers=None, executor='parallel', ignore_user_meta=False, install_base='install', log_base=None, log_level=None, main=<bound method BuildVerb.main of <colcon_core.verb.build.BuildVerb object at 0x7f07ff607100>>, merge_install=False, metas=['./colcon.meta'], packages_above=None, packages_above_and_dependencies=None, packages_above_depth=None, packages_end=None, packages_ignore=None, packages_ignore_regex=None, packages_select=['uav_lenviz'], packages_select_build_failed=False, packages_select_by_dep=None, packages_select_regex=None, packages_select_test_failures=False, packages_skip=None, packages_skip_build_finished=False, packages_skip_by_dep=None, packages_skip_regex=None, packages_skip_test_passed=False, packages_skip_up_to=None, packages_start=None, packages_up_to=None, packages_up_to_regex=None, parallel_workers=8, paths=None, symlink_install=False, test_result_base=None, verb_extension=<colcon_core.verb.build.BuildVerb object at 0x7f07ff607100>, verb_name='build', verb_parser=<colcon_defaults.argument_parser.defaults.DefaultArgumentsDecorator object at 0x7f07ff607580>)
[0.383s] Level 1:colcon.colcon_core.package_discovery:discover_packages(colcon_meta) check parameters
[0.383s] Level 1:colcon.colcon_core.package_discovery:discover_packages(recursive) check parameters
[0.383s] Level 1:colcon.colcon_core.package_discovery:discover_packages(ignore) check parameters
[0.383s] Level 1:colcon.colcon_core.package_discovery:discover_packages(path) check parameters
[0.383s] Level 1:colcon.colcon_core.package_discovery:discover_packages(colcon_meta) discover
[0.383s] Level 1:colcon.colcon_core.package_discovery:discover_packages(recursive) discover
[0.383s] INFO:colcon.colcon_core.package_discovery:Crawling recursively for packages in '/home/manavendra/ros2_ws/src/uav_lenviz'
[0.383s] Level 1:colcon.colcon_core.package_identification:_identify(.) by extensions ['ignore', 'ignore_ament_install']
[0.383s] Level 1:colcon.colcon_core.package_identification:_identify(.) by extension 'ignore'
[0.383s] Level 1:colcon.colcon_core.package_identification:_identify(.) by extension 'ignore_ament_install'
[0.383s] Level 1:colcon.colcon_core.package_identification:_identify(.) by extensions ['colcon_pkg']
[0.383s] Level 1:colcon.colcon_core.package_identification:_identify(.) by extension 'colcon_pkg'
[0.383s] Level 1:colcon.colcon_core.package_identification:_identify(.) by extensions ['colcon_meta']
[0.384s] Level 1:colcon.colcon_core.package_identification:_identify(.) by extension 'colcon_meta'
[0.384s] Level 1:colcon.colcon_core.package_identification:_identify(.) by extensions ['ros']
[0.384s] Level 1:colcon.colcon_core.package_identification:_identify(.) by extension 'ros'
[0.396s] DEBUG:colcon.colcon_core.package_identification:Package '.' with type 'ros.ament_cmake' and name 'uav_lenviz'
[0.396s] Level 1:colcon.colcon_core.package_discovery:discover_packages(recursive) using defaults
[0.396s] Level 1:colcon.colcon_core.package_discovery:discover_packages(ignore) discover
[0.396s] Level 1:colcon.colcon_core.package_discovery:discover_packages(ignore) using defaults
[0.396s] Level 1:colcon.colcon_core.package_discovery:discover_packages(path) discover
[0.396s] Level 1:colcon.colcon_core.package_discovery:discover_packages(path) using defaults
[0.410s] Level 1:colcon.colcon_core.package_discovery:discover_packages(prefix_path) check parameters
[0.410s] Level 1:colcon.colcon_core.package_discovery:discover_packages(prefix_path) discover
[0.412s] DEBUG:colcon.colcon_installed_package_information.package_discovery:Found 8 installed packages in /home/manavendra/ros2_ws/install
[0.413s] DEBUG:colcon.colcon_installed_package_information.package_discovery:Found 303 installed packages in /opt/ros/foxy
[0.423s] Level 1:colcon.colcon_core.package_discovery:discover_packages(prefix_path) using defaults
[0.485s] Level 5:colcon.colcon_core.verb:set package 'uav_lenviz' build argument 'cmake_args' from command line to 'None'
[0.485s] Level 5:colcon.colcon_core.verb:set package 'uav_lenviz' build argument 'cmake_target' from command line to 'None'
[0.485s] Level 5:colcon.colcon_core.verb:set package 'uav_lenviz' build argument 'cmake_target_skip_unavailable' from command line to 'False'
[0.485s] Level 5:colcon.colcon_core.verb:set package 'uav_lenviz' build argument 'cmake_clean_cache' from command line to 'False'
[0.485s] Level 5:colcon.colcon_core.verb:set package 'uav_lenviz' build argument 'cmake_clean_first' from command line to 'False'
[0.485s] Level 5:colcon.colcon_core.verb:set package 'uav_lenviz' build argument 'cmake_force_configure' from command line to 'False'
[0.485s] Level 5:colcon.colcon_core.verb:set package 'uav_lenviz' build argument 'ament_cmake_args' from command line to 'None'
[0.485s] Level 5:colcon.colcon_core.verb:set package 'uav_lenviz' build argument 'catkin_cmake_args' from command line to 'None'
[0.485s] Level 5:colcon.colcon_core.verb:set package 'uav_lenviz' build argument 'catkin_skip_building_tests' from command line to 'False'
[0.485s] DEBUG:colcon.colcon_core.verb:Building package 'uav_lenviz' with the following arguments: {'ament_cmake_args': None, 'build_base': '/home/manavendra/ros2_ws/src/uav_lenviz/build/uav_lenviz', 'catkin_cmake_args': None, 'catkin_skip_building_tests': False, 'cmake_args': None, 'cmake_clean_cache': False, 'cmake_clean_first': False, 'cmake_force_configure': False, 'cmake_target': None, 'cmake_target_skip_unavailable': False, 'install_base': '/home/manavendra/ros2_ws/src/uav_lenviz/install/uav_lenviz', 'merge_install': False, 'path': '/home/manavendra/ros2_ws/src/uav_lenviz', 'symlink_install': False, 'test_result_base': None}
[0.485s] INFO:colcon.colcon_core.executor:Executing jobs using 'parallel' executor
[0.486s] DEBUG:colcon.colcon_parallel_executor.executor.parallel:run_until_complete
[0.486s] INFO:colcon.colcon_ros.task.ament_cmake.build:Building ROS package in '/home/manavendra/ros2_ws/src/uav_lenviz' with build type 'ament_cmake'
[0.487s] INFO:colcon.colcon_cmake.task.cmake.build:Building CMake package in '/home/manavendra/ros2_ws/src/uav_lenviz'
[0.489s] INFO:colcon.colcon_core.plugin_system:Skipping extension 'colcon_core.shell.bat': Not used on non-Windows systems
[0.489s] INFO:colcon.colcon_core.shell:Skip shell extension 'powershell' for command environment: Not usable outside of PowerShell
[0.489s] DEBUG:colcon.colcon_core.shell:Skip shell extension 'dsv' for command environment
[0.503s] DEBUG:colcon.colcon_core.event_handler.log_command:Invoking command in '/home/manavendra/ros2_ws/src/uav_lenviz/build/uav_lenviz': CMAKE_PREFIX_PATH=${CMAKE_PREFIX_PATH}:/home/manavendra/ros2_ws/install/lab1_py:/opt/ros/foxy CONDA_PROMPT_MODIFIER=(base) /usr/bin/cmake /home/manavendra/ros2_ws/src/uav_lenviz -DCMAKE_INSTALL_PREFIX=/home/manavendra/ros2_ws/src/uav_lenviz/install/uav_lenviz
[2.388s] DEBUG:colcon.colcon_core.event_handler.log_command:Invoked command in '/home/manavendra/ros2_ws/src/uav_lenviz/build/uav_lenviz' returned '0': CMAKE_PREFIX_PATH=${CMAKE_PREFIX_PATH}:/home/manavendra/ros2_ws/install/lab1_py:/opt/ros/foxy CONDA_PROMPT_MODIFIER=(base) /usr/bin/cmake /home/manavendra/ros2_ws/src/uav_lenviz -DCMAKE_INSTALL_PREFIX=/home/manavendra/ros2_ws/src/uav_lenviz/install/uav_lenviz
[2.392s] DEBUG:colcon.colcon_core.event_handler.log_command:Invoking command in '/home/manavendra/ros2_ws/src/uav_lenviz/build/uav_lenviz': CMAKE_PREFIX_PATH=${CMAKE_PREFIX_PATH}:/home/manavendra/ros2_ws/install/lab1_py:/opt/ros/foxy CONDA_PROMPT_MODIFIER=(base) /usr/bin/cmake --build /home/manavendra/ros2_ws/src/uav_lenviz/build/uav_lenviz -- -j8 -l8
[8.268s] DEBUG:colcon.colcon_core.event_handler.log_command:Invoked command in '/home/manavendra/ros2_ws/src/uav_lenviz/build/uav_lenviz' returned '0': CMAKE_PREFIX_PATH=${CMAKE_PREFIX_PATH}:/home/manavendra/ros2_ws/install/lab1_py:/opt/ros/foxy CONDA_PROMPT_MODIFIER=(base) /usr/bin/cmake --build /home/manavendra/ros2_ws/src/uav_lenviz/build/uav_lenviz -- -j8 -l8
[8.313s] DEBUG:colcon.colcon_core.event_handler.log_command:Invoking command in '/home/manavendra/ros2_ws/src/uav_lenviz/build/uav_lenviz': CMAKE_PREFIX_PATH=${CMAKE_PREFIX_PATH}:/home/manavendra/ros2_ws/install/lab1_py:/opt/ros/foxy CONDA_PROMPT_MODIFIER=(base) /usr/bin/cmake --install /home/manavendra/ros2_ws/src/uav_lenviz/build/uav_lenviz
[8.332s] Level 1:colcon.colcon_core.environment:create_environment_scripts_only(uav_lenviz)
[8.333s] DEBUG:colcon.colcon_core.event_handler.log_command:Invoked command in '/home/manavendra/ros2_ws/src/uav_lenviz/build/uav_lenviz' returned '0': CMAKE_PREFIX_PATH=${CMAKE_PREFIX_PATH}:/home/manavendra/ros2_ws/install/lab1_py:/opt/ros/foxy CONDA_PROMPT_MODIFIER=(base) /usr/bin/cmake --install /home/manavendra/ros2_ws/src/uav_lenviz/build/uav_lenviz
[8.336s] Level 1:colcon.colcon_core.environment:checking '/home/manavendra/ros2_ws/src/uav_lenviz/install/uav_lenviz' for CMake module files
[8.337s] Level 1:colcon.colcon_core.environment:checking '/home/manavendra/ros2_ws/src/uav_lenviz/install/uav_lenviz' for CMake config files
[8.337s] Level 1:colcon.colcon_core.shell:create_environment_hook('uav_lenviz', 'cmake_prefix_path')
[8.337s] INFO:colcon.colcon_core.shell:Creating environment hook '/home/manavendra/ros2_ws/src/uav_lenviz/install/uav_lenviz/share/uav_lenviz/hook/cmake_prefix_path.ps1'
[8.338s] INFO:colcon.colcon_core.shell:Creating environment descriptor '/home/manavendra/ros2_ws/src/uav_lenviz/install/uav_lenviz/share/uav_lenviz/hook/cmake_prefix_path.dsv'
[8.338s] INFO:colcon.colcon_core.shell:Creating environment hook '/home/manavendra/ros2_ws/src/uav_lenviz/install/uav_lenviz/share/uav_lenviz/hook/cmake_prefix_path.sh'
[8.339s] Level 1:colcon.colcon_core.environment:checking '/home/manavendra/ros2_ws/src/uav_lenviz/install/uav_lenviz/lib'
[8.339s] Level 1:colcon.colcon_core.environment:checking '/home/manavendra/ros2_ws/src/uav_lenviz/install/uav_lenviz/bin'
[8.339s] Level 1:colcon.colcon_core.environment:checking '/home/manavendra/ros2_ws/src/uav_lenviz/install/uav_lenviz/lib/pkgconfig/uav_lenviz.pc'
[8.340s] Level 1:colcon.colcon_core.environment:checking '/home/manavendra/ros2_ws/src/uav_lenviz/install/uav_lenviz/lib/python3.8/site-packages'
[8.340s] Level 1:colcon.colcon_core.environment:checking '/home/manavendra/ros2_ws/src/uav_lenviz/install/uav_lenviz/bin'
[8.340s] INFO:colcon.colcon_core.shell:Creating package script '/home/manavendra/ros2_ws/src/uav_lenviz/install/uav_lenviz/share/uav_lenviz/package.ps1'
[8.341s] INFO:colcon.colcon_core.shell:Creating package descriptor '/home/manavendra/ros2_ws/src/uav_lenviz/install/uav_lenviz/share/uav_lenviz/package.dsv'
[8.341s] INFO:colcon.colcon_core.shell:Creating package script '/home/manavendra/ros2_ws/src/uav_lenviz/install/uav_lenviz/share/uav_lenviz/package.sh'
[8.342s] INFO:colcon.colcon_core.shell:Creating package script '/home/manavendra/ros2_ws/src/uav_lenviz/install/uav_lenviz/share/uav_lenviz/package.bash'
[8.342s] INFO:colcon.colcon_core.shell:Creating package script '/home/manavendra/ros2_ws/src/uav_lenviz/install/uav_lenviz/share/uav_lenviz/package.zsh'
[8.343s] Level 1:colcon.colcon_core.environment:create_file_with_runtime_dependencies(/home/manavendra/ros2_ws/src/uav_lenviz/install/uav_lenviz/share/colcon-core/packages/uav_lenviz)
[8.375s] Level 1:colcon.colcon_core.environment:create_environment_scripts_only(uav_lenviz)
[8.375s] Level 1:colcon.colcon_core.environment:checking '/home/manavendra/ros2_ws/src/uav_lenviz/install/uav_lenviz' for CMake module files
[8.376s] Level 1:colcon.colcon_core.environment:checking '/home/manavendra/ros2_ws/src/uav_lenviz/install/uav_lenviz' for CMake config files
[8.376s] Level 1:colcon.colcon_core.shell:create_environment_hook('uav_lenviz', 'cmake_prefix_path')
[8.376s] INFO:colcon.colcon_core.shell:Creating environment hook '/home/manavendra/ros2_ws/src/uav_lenviz/install/uav_lenviz/share/uav_lenviz/hook/cmake_prefix_path.ps1'
[8.377s] INFO:colcon.colcon_core.shell:Creating environment descriptor '/home/manavendra/ros2_ws/src/uav_lenviz/install/uav_lenviz/share/uav_lenviz/hook/cmake_prefix_path.dsv'
[8.377s] INFO:colcon.colcon_core.shell:Creating environment hook '/home/manavendra/ros2_ws/src/uav_lenviz/install/uav_lenviz/share/uav_lenviz/hook/cmake_prefix_path.sh'
[8.378s] Level 1:colcon.colcon_core.environment:checking '/home/manavendra/ros2_ws/src/uav_lenviz/install/uav_lenviz/lib'
[8.378s] Level 1:colcon.colcon_core.environment:checking '/home/manavendra/ros2_ws/src/uav_lenviz/install/uav_lenviz/bin'
[8.378s] Level 1:colcon.colcon_core.environment:checking '/home/manavendra/ros2_ws/src/uav_lenviz/install/uav_lenviz/lib/pkgconfig/uav_lenviz.pc'
[8.378s] Level 1:colcon.colcon_core.environment:checking '/home/manavendra/ros2_ws/src/uav_lenviz/install/uav_lenviz/lib/python3.8/site-packages'
[8.378s] Level 1:colcon.colcon_core.environment:checking '/home/manavendra/ros2_ws/src/uav_lenviz/install/uav_lenviz/bin'
[8.378s] INFO:colcon.colcon_core.shell:Creating package script '/home/manavendra/ros2_ws/src/uav_lenviz/install/uav_lenviz/share/uav_lenviz/package.ps1'
[8.379s] INFO:colcon.colcon_core.shell:Creating package descriptor '/home/manavendra/ros2_ws/src/uav_lenviz/install/uav_lenviz/share/uav_lenviz/package.dsv'
[8.379s] INFO:colcon.colcon_core.shell:Creating package script '/home/manavendra/ros2_ws/src/uav_lenviz/install/uav_lenviz/share/uav_lenviz/package.sh'
[8.380s] INFO:colcon.colcon_core.shell:Creating package script '/home/manavendra/ros2_ws/src/uav_lenviz/install/uav_lenviz/share/uav_lenviz/package.bash'
[8.380s] INFO:colcon.colcon_core.shell:Creating package script '/home/manavendra/ros2_ws/src/uav_lenviz/install/uav_lenviz/share/uav_lenviz/package.zsh'
[8.380s] Level 1:colcon.colcon_core.environment:create_file_with_runtime_dependencies(/home/manavendra/ros2_ws/src/uav_lenviz/install/uav_lenviz/share/colcon-core/packages/uav_lenviz)
[8.381s] DEBUG:colcon.colcon_parallel_executor.executor.parallel:closing loop
[8.381s] DEBUG:colcon.colcon_parallel_executor.executor.parallel:loop closed
[8.381s] DEBUG:colcon.colcon_parallel_executor.executor.parallel:run_until_complete finished with '0'
[8.381s] DEBUG:colcon.colcon_core.event_reactor:joining thread
[8.389s] INFO:colcon.colcon_core.plugin_system:Skipping extension 'colcon_notification.desktop_notification.terminal_notifier': Not used on non-Darwin systems
[8.389s] INFO:colcon.colcon_core.plugin_system:Skipping extension 'colcon_notification.desktop_notification.win32': Not used on non-Windows systems
[8.389s] INFO:colcon.colcon_notification.desktop_notification:Sending desktop notification using 'notify2'
[8.405s] DEBUG:colcon.colcon_core.event_reactor:joined thread
[8.405s] INFO:colcon.colcon_core.shell:Creating prefix script '/home/manavendra/ros2_ws/src/uav_lenviz/install/local_setup.ps1'
[8.407s] INFO:colcon.colcon_core.shell:Creating prefix util module '/home/manavendra/ros2_ws/src/uav_lenviz/install/_local_setup_util_ps1.py'
[8.410s] INFO:colcon.colcon_core.shell:Creating prefix chain script '/home/manavendra/ros2_ws/src/uav_lenviz/install/setup.ps1'
[8.413s] INFO:colcon.colcon_core.shell:Creating prefix script '/home/manavendra/ros2_ws/src/uav_lenviz/install/local_setup.sh'
[8.413s] INFO:colcon.colcon_core.shell:Creating prefix util module '/home/manavendra/ros2_ws/src/uav_lenviz/install/_local_setup_util_sh.py'
[8.414s] INFO:colcon.colcon_core.shell:Creating prefix chain script '/home/manavendra/ros2_ws/src/uav_lenviz/install/setup.sh'
[8.416s] INFO:colcon.colcon_core.shell:Creating prefix script '/home/manavendra/ros2_ws/src/uav_lenviz/install/local_setup.bash'
[8.417s] INFO:colcon.colcon_core.shell:Creating prefix chain script '/home/manavendra/ros2_ws/src/uav_lenviz/install/setup.bash'
[8.419s] INFO:colcon.colcon_core.shell:Creating prefix script '/home/manavendra/ros2_ws/src/uav_lenviz/install/local_setup.zsh'
[8.420s] INFO:colcon.colcon_core.shell:Creating prefix chain script '/home/manavendra/ros2_ws/src/uav_lenviz/install/setup.zsh'
