[0.233s] DEBUG:colcon:Command line arguments: ['/usr/bin/colcon', 'build']
[0.233s] DEBUG:colcon:Parsed command line arguments: Namespace(allow_overriding=[], ament_cmake_args=None, base_paths=['.'], build_base='build', catkin_cmake_args=None, catkin_skip_building_tests=False, cmake_args=None, cmake_clean_cache=False, cmake_clean_first=False, cmake_force_configure=False, cmake_target=None, cmake_target_skip_unavailable=False, continue_on_error=False, event_handlers=None, executor='parallel', ignore_user_meta=False, install_base='install', log_base=None, log_level=None, main=<bound method BuildVerb.main of <colcon_core.verb.build.BuildVerb object at 0x7f6423ce6be0>>, merge_install=False, metas=['./colcon.meta'], packages_above=None, packages_above_and_dependencies=None, packages_above_depth=None, packages_end=None, packages_ignore=None, packages_ignore_regex=None, packages_select=None, packages_select_build_failed=False, packages_select_by_dep=None, packages_select_regex=None, packages_select_test_failures=False, packages_skip=None, packages_skip_build_finished=False, packages_skip_by_dep=None, packages_skip_regex=None, packages_skip_test_passed=False, packages_skip_up_to=None, packages_start=None, packages_up_to=None, packages_up_to_regex=None, parallel_workers=8, paths=None, symlink_install=False, test_result_base=None, verb_extension=<colcon_core.verb.build.BuildVerb object at 0x7f6423ce6be0>, verb_name='build', verb_parser=<colcon_defaults.argument_parser.defaults.DefaultArgumentsDecorator object at 0x7f6423cf8190>)
[0.399s] Level 1:colcon.colcon_core.package_discovery:discover_packages(colcon_meta) check parameters
[0.399s] Level 1:colcon.colcon_core.package_discovery:discover_packages(recursive) check parameters
[0.399s] Level 1:colcon.colcon_core.package_discovery:discover_packages(ignore) check parameters
[0.399s] Level 1:colcon.colcon_core.package_discovery:discover_packages(path) check parameters
[0.399s] Level 1:colcon.colcon_core.package_discovery:discover_packages(colcon_meta) discover
[0.399s] Level 1:colcon.colcon_core.package_discovery:discover_packages(recursive) discover
[0.399s] INFO:colcon.colcon_core.package_discovery:Crawling recursively for packages in '/home/manavendra/ros2_ws/src'
[0.399s] Level 1:colcon.colcon_core.package_identification:_identify(.) by extensions ['ignore', 'ignore_ament_install']
[0.399s] Level 1:colcon.colcon_core.package_identification:_identify(.) by extension 'ignore'
[0.399s] Level 1:colcon.colcon_core.package_identification:_identify(.) by extension 'ignore_ament_install'
[0.399s] Level 1:colcon.colcon_core.package_identification:_identify(.) by extensions ['colcon_pkg']
[0.399s] Level 1:colcon.colcon_core.package_identification:_identify(.) by extension 'colcon_pkg'
[0.399s] Level 1:colcon.colcon_core.package_identification:_identify(.) by extensions ['colcon_meta']
[0.399s] Level 1:colcon.colcon_core.package_identification:_identify(.) by extension 'colcon_meta'
[0.399s] Level 1:colcon.colcon_core.package_identification:_identify(.) by extensions ['ros']
[0.400s] Level 1:colcon.colcon_core.package_identification:_identify(.) by extension 'ros'
[0.410s] Level 1:colcon.colcon_core.package_identification:_identify(.) by extensions ['cmake', 'python']
[0.410s] Level 1:colcon.colcon_core.package_identification:_identify(.) by extension 'cmake'
[0.410s] Level 1:colcon.colcon_core.package_identification:_identify(.) by extension 'python'
[0.410s] Level 1:colcon.colcon_core.package_identification:_identify(.) by extensions ['python_setup_py']
[0.410s] Level 1:colcon.colcon_core.package_identification:_identify(.) by extension 'python_setup_py'
[0.410s] Level 1:colcon.colcon_core.package_identification:_identify(build) by extensions ['ignore', 'ignore_ament_install']
[0.410s] Level 1:colcon.colcon_core.package_identification:_identify(build) by extension 'ignore'
[0.410s] Level 1:colcon.colcon_core.package_identification:_identify(build) ignored
[0.410s] Level 1:colcon.colcon_core.package_identification:_identify(install) by extensions ['ignore', 'ignore_ament_install']
[0.410s] Level 1:colcon.colcon_core.package_identification:_identify(install) by extension 'ignore'
[0.411s] Level 1:colcon.colcon_core.package_identification:_identify(install) ignored
[0.411s] Level 1:colcon.colcon_core.package_identification:_identify(lab1_cpp) by extensions ['ignore', 'ignore_ament_install']
[0.411s] Level 1:colcon.colcon_core.package_identification:_identify(lab1_cpp) by extension 'ignore'
[0.411s] Level 1:colcon.colcon_core.package_identification:_identify(lab1_cpp) by extension 'ignore_ament_install'
[0.411s] Level 1:colcon.colcon_core.package_identification:_identify(lab1_cpp) by extensions ['colcon_pkg']
[0.411s] Level 1:colcon.colcon_core.package_identification:_identify(lab1_cpp) by extension 'colcon_pkg'
[0.411s] Level 1:colcon.colcon_core.package_identification:_identify(lab1_cpp) by extensions ['colcon_meta']
[0.411s] Level 1:colcon.colcon_core.package_identification:_identify(lab1_cpp) by extension 'colcon_meta'
[0.411s] Level 1:colcon.colcon_core.package_identification:_identify(lab1_cpp) by extensions ['ros']
[0.411s] Level 1:colcon.colcon_core.package_identification:_identify(lab1_cpp) by extension 'ros'
[0.414s] DEBUG:colcon.colcon_core.package_identification:Package 'lab1_cpp' with type 'ros.ament_cmake' and name 'lab1_cpp'
[0.414s] Level 1:colcon.colcon_core.package_identification:_identify(lab1_py) by extensions ['ignore', 'ignore_ament_install']
[0.414s] Level 1:colcon.colcon_core.package_identification:_identify(lab1_py) by extension 'ignore'
[0.414s] Level 1:colcon.colcon_core.package_identification:_identify(lab1_py) by extension 'ignore_ament_install'
[0.414s] Level 1:colcon.colcon_core.package_identification:_identify(lab1_py) by extensions ['colcon_pkg']
[0.414s] Level 1:colcon.colcon_core.package_identification:_identify(lab1_py) by extension 'colcon_pkg'
[0.414s] Level 1:colcon.colcon_core.package_identification:_identify(lab1_py) by extensions ['colcon_meta']
[0.414s] Level 1:colcon.colcon_core.package_identification:_identify(lab1_py) by extension 'colcon_meta'
[0.414s] Level 1:colcon.colcon_core.package_identification:_identify(lab1_py) by extensions ['ros']
[0.414s] Level 1:colcon.colcon_core.package_identification:_identify(lab1_py) by extension 'ros'
[0.415s] DEBUG:colcon.colcon_core.package_identification:Package 'lab1_py' with type 'ros.ament_python' and name 'lab1_py'
[0.415s] Level 1:colcon.colcon_core.package_identification:_identify(lab2) by extensions ['ignore', 'ignore_ament_install']
[0.415s] Level 1:colcon.colcon_core.package_identification:_identify(lab2) by extension 'ignore'
[0.415s] Level 1:colcon.colcon_core.package_identification:_identify(lab2) by extension 'ignore_ament_install'
[0.415s] Level 1:colcon.colcon_core.package_identification:_identify(lab2) by extensions ['colcon_pkg']
[0.416s] Level 1:colcon.colcon_core.package_identification:_identify(lab2) by extension 'colcon_pkg'
[0.416s] Level 1:colcon.colcon_core.package_identification:_identify(lab2) by extensions ['colcon_meta']
[0.416s] Level 1:colcon.colcon_core.package_identification:_identify(lab2) by extension 'colcon_meta'
[0.416s] Level 1:colcon.colcon_core.package_identification:_identify(lab2) by extensions ['ros']
[0.416s] Level 1:colcon.colcon_core.package_identification:_identify(lab2) by extension 'ros'
[0.417s] DEBUG:colcon.colcon_core.package_identification:Package 'lab2' with type 'ros.ament_cmake' and name 'lab2'
[0.417s] Level 1:colcon.colcon_core.package_identification:_identify(lab3) by extensions ['ignore', 'ignore_ament_install']
[0.417s] Level 1:colcon.colcon_core.package_identification:_identify(lab3) by extension 'ignore'
[0.417s] Level 1:colcon.colcon_core.package_identification:_identify(lab3) by extension 'ignore_ament_install'
[0.417s] Level 1:colcon.colcon_core.package_identification:_identify(lab3) by extensions ['colcon_pkg']
[0.417s] Level 1:colcon.colcon_core.package_identification:_identify(lab3) by extension 'colcon_pkg'
[0.417s] Level 1:colcon.colcon_core.package_identification:_identify(lab3) by extensions ['colcon_meta']
[0.417s] Level 1:colcon.colcon_core.package_identification:_identify(lab3) by extension 'colcon_meta'
[0.417s] Level 1:colcon.colcon_core.package_identification:_identify(lab3) by extensions ['ros']
[0.417s] Level 1:colcon.colcon_core.package_identification:_identify(lab3) by extension 'ros'
[0.418s] DEBUG:colcon.colcon_core.package_identification:Package 'lab3' with type 'ros.ament_cmake' and name 'lab3'
[0.418s] Level 1:colcon.colcon_core.package_identification:_identify(lab4) by extensions ['ignore', 'ignore_ament_install']
[0.418s] Level 1:colcon.colcon_core.package_identification:_identify(lab4) by extension 'ignore'
[0.418s] Level 1:colcon.colcon_core.package_identification:_identify(lab4) by extension 'ignore_ament_install'
[0.418s] Level 1:colcon.colcon_core.package_identification:_identify(lab4) by extensions ['colcon_pkg']
[0.418s] Level 1:colcon.colcon_core.package_identification:_identify(lab4) by extension 'colcon_pkg'
[0.418s] Level 1:colcon.colcon_core.package_identification:_identify(lab4) by extensions ['colcon_meta']
[0.418s] Level 1:colcon.colcon_core.package_identification:_identify(lab4) by extension 'colcon_meta'
[0.418s] Level 1:colcon.colcon_core.package_identification:_identify(lab4) by extensions ['ros']
[0.418s] Level 1:colcon.colcon_core.package_identification:_identify(lab4) by extension 'ros'
[0.419s] DEBUG:colcon.colcon_core.package_identification:Package 'lab4' with type 'ros.ament_cmake' and name 'lab4'
[0.419s] Level 1:colcon.colcon_core.package_identification:_identify(log) by extensions ['ignore', 'ignore_ament_install']
[0.419s] Level 1:colcon.colcon_core.package_identification:_identify(log) by extension 'ignore'
[0.419s] Level 1:colcon.colcon_core.package_identification:_identify(log) ignored
[0.419s] Level 1:colcon.colcon_core.package_discovery:discover_packages(recursive) using defaults
[0.420s] Level 1:colcon.colcon_core.package_discovery:discover_packages(ignore) discover
[0.420s] Level 1:colcon.colcon_core.package_discovery:discover_packages(ignore) using defaults
[0.420s] Level 1:colcon.colcon_core.package_discovery:discover_packages(path) discover
[0.420s] Level 1:colcon.colcon_core.package_discovery:discover_packages(path) using defaults
[0.436s] Level 1:colcon.colcon_core.package_discovery:discover_packages(prefix_path) check parameters
[0.437s] Level 1:colcon.colcon_core.package_discovery:discover_packages(prefix_path) discover
[0.440s] DEBUG:colcon.colcon_installed_package_information.package_discovery:Found 303 installed packages in /opt/ros/foxy
[0.449s] Level 1:colcon.colcon_core.package_discovery:discover_packages(prefix_path) using defaults
[0.517s] Level 5:colcon.colcon_core.verb:set package 'lab1_cpp' build argument 'cmake_args' from command line to 'None'
[0.517s] Level 5:colcon.colcon_core.verb:set package 'lab1_cpp' build argument 'cmake_target' from command line to 'None'
[0.517s] Level 5:colcon.colcon_core.verb:set package 'lab1_cpp' build argument 'cmake_target_skip_unavailable' from command line to 'False'
[0.517s] Level 5:colcon.colcon_core.verb:set package 'lab1_cpp' build argument 'cmake_clean_cache' from command line to 'False'
[0.517s] Level 5:colcon.colcon_core.verb:set package 'lab1_cpp' build argument 'cmake_clean_first' from command line to 'False'
[0.517s] Level 5:colcon.colcon_core.verb:set package 'lab1_cpp' build argument 'cmake_force_configure' from command line to 'False'
[0.517s] Level 5:colcon.colcon_core.verb:set package 'lab1_cpp' build argument 'ament_cmake_args' from command line to 'None'
[0.517s] Level 5:colcon.colcon_core.verb:set package 'lab1_cpp' build argument 'catkin_cmake_args' from command line to 'None'
[0.517s] Level 5:colcon.colcon_core.verb:set package 'lab1_cpp' build argument 'catkin_skip_building_tests' from command line to 'False'
[0.517s] DEBUG:colcon.colcon_core.verb:Building package 'lab1_cpp' with the following arguments: {'ament_cmake_args': None, 'build_base': '/home/manavendra/ros2_ws/src/build/lab1_cpp', 'catkin_cmake_args': None, 'catkin_skip_building_tests': False, 'cmake_args': None, 'cmake_clean_cache': False, 'cmake_clean_first': False, 'cmake_force_configure': False, 'cmake_target': None, 'cmake_target_skip_unavailable': False, 'install_base': '/home/manavendra/ros2_ws/src/install/lab1_cpp', 'merge_install': False, 'path': '/home/manavendra/ros2_ws/src/lab1_cpp', 'symlink_install': False, 'test_result_base': None}
[0.517s] Level 5:colcon.colcon_core.verb:set package 'lab1_py' build argument 'cmake_args' from command line to 'None'
[0.517s] Level 5:colcon.colcon_core.verb:set package 'lab1_py' build argument 'cmake_target' from command line to 'None'
[0.518s] Level 5:colcon.colcon_core.verb:set package 'lab1_py' build argument 'cmake_target_skip_unavailable' from command line to 'False'
[0.518s] Level 5:colcon.colcon_core.verb:set package 'lab1_py' build argument 'cmake_clean_cache' from command line to 'False'
[0.518s] Level 5:colcon.colcon_core.verb:set package 'lab1_py' build argument 'cmake_clean_first' from command line to 'False'
[0.518s] Level 5:colcon.colcon_core.verb:set package 'lab1_py' build argument 'cmake_force_configure' from command line to 'False'
[0.518s] Level 5:colcon.colcon_core.verb:set package 'lab1_py' build argument 'ament_cmake_args' from command line to 'None'
[0.518s] Level 5:colcon.colcon_core.verb:set package 'lab1_py' build argument 'catkin_cmake_args' from command line to 'None'
[0.518s] Level 5:colcon.colcon_core.verb:set package 'lab1_py' build argument 'catkin_skip_building_tests' from command line to 'False'
[0.518s] DEBUG:colcon.colcon_core.verb:Building package 'lab1_py' with the following arguments: {'ament_cmake_args': None, 'build_base': '/home/manavendra/ros2_ws/src/build/lab1_py', 'catkin_cmake_args': None, 'catkin_skip_building_tests': False, 'cmake_args': None, 'cmake_clean_cache': False, 'cmake_clean_first': False, 'cmake_force_configure': False, 'cmake_target': None, 'cmake_target_skip_unavailable': False, 'install_base': '/home/manavendra/ros2_ws/src/install/lab1_py', 'merge_install': False, 'path': '/home/manavendra/ros2_ws/src/lab1_py', 'symlink_install': False, 'test_result_base': None}
[0.518s] Level 5:colcon.colcon_core.verb:set package 'lab2' build argument 'cmake_args' from command line to 'None'
[0.518s] Level 5:colcon.colcon_core.verb:set package 'lab2' build argument 'cmake_target' from command line to 'None'
[0.518s] Level 5:colcon.colcon_core.verb:set package 'lab2' build argument 'cmake_target_skip_unavailable' from command line to 'False'
[0.518s] Level 5:colcon.colcon_core.verb:set package 'lab2' build argument 'cmake_clean_cache' from command line to 'False'
[0.518s] Level 5:colcon.colcon_core.verb:set package 'lab2' build argument 'cmake_clean_first' from command line to 'False'
[0.518s] Level 5:colcon.colcon_core.verb:set package 'lab2' build argument 'cmake_force_configure' from command line to 'False'
[0.518s] Level 5:colcon.colcon_core.verb:set package 'lab2' build argument 'ament_cmake_args' from command line to 'None'
[0.518s] Level 5:colcon.colcon_core.verb:set package 'lab2' build argument 'catkin_cmake_args' from command line to 'None'
[0.518s] Level 5:colcon.colcon_core.verb:set package 'lab2' build argument 'catkin_skip_building_tests' from command line to 'False'
[0.518s] DEBUG:colcon.colcon_core.verb:Building package 'lab2' with the following arguments: {'ament_cmake_args': None, 'build_base': '/home/manavendra/ros2_ws/src/build/lab2', 'catkin_cmake_args': None, 'catkin_skip_building_tests': False, 'cmake_args': None, 'cmake_clean_cache': False, 'cmake_clean_first': False, 'cmake_force_configure': False, 'cmake_target': None, 'cmake_target_skip_unavailable': False, 'install_base': '/home/manavendra/ros2_ws/src/install/lab2', 'merge_install': False, 'path': '/home/manavendra/ros2_ws/src/lab2', 'symlink_install': False, 'test_result_base': None}
[0.519s] Level 5:colcon.colcon_core.verb:set package 'lab3' build argument 'cmake_args' from command line to 'None'
[0.519s] Level 5:colcon.colcon_core.verb:set package 'lab3' build argument 'cmake_target' from command line to 'None'
[0.519s] Level 5:colcon.colcon_core.verb:set package 'lab3' build argument 'cmake_target_skip_unavailable' from command line to 'False'
[0.519s] Level 5:colcon.colcon_core.verb:set package 'lab3' build argument 'cmake_clean_cache' from command line to 'False'
[0.519s] Level 5:colcon.colcon_core.verb:set package 'lab3' build argument 'cmake_clean_first' from command line to 'False'
[0.519s] Level 5:colcon.colcon_core.verb:set package 'lab3' build argument 'cmake_force_configure' from command line to 'False'
[0.519s] Level 5:colcon.colcon_core.verb:set package 'lab3' build argument 'ament_cmake_args' from command line to 'None'
[0.519s] Level 5:colcon.colcon_core.verb:set package 'lab3' build argument 'catkin_cmake_args' from command line to 'None'
[0.519s] Level 5:colcon.colcon_core.verb:set package 'lab3' build argument 'catkin_skip_building_tests' from command line to 'False'
[0.519s] DEBUG:colcon.colcon_core.verb:Building package 'lab3' with the following arguments: {'ament_cmake_args': None, 'build_base': '/home/manavendra/ros2_ws/src/build/lab3', 'catkin_cmake_args': None, 'catkin_skip_building_tests': False, 'cmake_args': None, 'cmake_clean_cache': False, 'cmake_clean_first': False, 'cmake_force_configure': False, 'cmake_target': None, 'cmake_target_skip_unavailable': False, 'install_base': '/home/manavendra/ros2_ws/src/install/lab3', 'merge_install': False, 'path': '/home/manavendra/ros2_ws/src/lab3', 'symlink_install': False, 'test_result_base': None}
[0.519s] Level 5:colcon.colcon_core.verb:set package 'lab4' build argument 'cmake_args' from command line to 'None'
[0.519s] Level 5:colcon.colcon_core.verb:set package 'lab4' build argument 'cmake_target' from command line to 'None'
[0.519s] Level 5:colcon.colcon_core.verb:set package 'lab4' build argument 'cmake_target_skip_unavailable' from command line to 'False'
[0.519s] Level 5:colcon.colcon_core.verb:set package 'lab4' build argument 'cmake_clean_cache' from command line to 'False'
[0.520s] Level 5:colcon.colcon_core.verb:set package 'lab4' build argument 'cmake_clean_first' from command line to 'False'
[0.520s] Level 5:colcon.colcon_core.verb:set package 'lab4' build argument 'cmake_force_configure' from command line to 'False'
[0.520s] Level 5:colcon.colcon_core.verb:set package 'lab4' build argument 'ament_cmake_args' from command line to 'None'
[0.520s] Level 5:colcon.colcon_core.verb:set package 'lab4' build argument 'catkin_cmake_args' from command line to 'None'
[0.520s] Level 5:colcon.colcon_core.verb:set package 'lab4' build argument 'catkin_skip_building_tests' from command line to 'False'
[0.520s] DEBUG:colcon.colcon_core.verb:Building package 'lab4' with the following arguments: {'ament_cmake_args': None, 'build_base': '/home/manavendra/ros2_ws/src/build/lab4', 'catkin_cmake_args': None, 'catkin_skip_building_tests': False, 'cmake_args': None, 'cmake_clean_cache': False, 'cmake_clean_first': False, 'cmake_force_configure': False, 'cmake_target': None, 'cmake_target_skip_unavailable': False, 'install_base': '/home/manavendra/ros2_ws/src/install/lab4', 'merge_install': False, 'path': '/home/manavendra/ros2_ws/src/lab4', 'symlink_install': False, 'test_result_base': None}
[0.520s] INFO:colcon.colcon_core.executor:Executing jobs using 'parallel' executor
[0.521s] DEBUG:colcon.colcon_parallel_executor.executor.parallel:run_until_complete
[0.521s] INFO:colcon.colcon_ros.task.ament_cmake.build:Building ROS package in '/home/manavendra/ros2_ws/src/lab1_cpp' with build type 'ament_cmake'
[0.522s] INFO:colcon.colcon_cmake.task.cmake.build:Building CMake package in '/home/manavendra/ros2_ws/src/lab1_cpp'
[0.525s] INFO:colcon.colcon_core.plugin_system:Skipping extension 'colcon_core.shell.bat': Not used on non-Windows systems
[0.525s] INFO:colcon.colcon_core.shell:Skip shell extension 'powershell' for command environment: Not usable outside of PowerShell
[0.525s] DEBUG:colcon.colcon_core.shell:Skip shell extension 'dsv' for command environment
[0.530s] INFO:colcon.colcon_ros.task.ament_python.build:Building ROS package in '/home/manavendra/ros2_ws/src/lab1_py' with build type 'ament_python'
[0.531s] Level 1:colcon.colcon_core.shell:create_environment_hook('lab1_py', 'ament_prefix_path')
[0.532s] INFO:colcon.colcon_core.shell:Creating environment hook '/home/manavendra/ros2_ws/src/install/lab1_py/share/lab1_py/hook/ament_prefix_path.ps1'
[0.534s] INFO:colcon.colcon_core.shell:Creating environment descriptor '/home/manavendra/ros2_ws/src/install/lab1_py/share/lab1_py/hook/ament_prefix_path.dsv'
[0.535s] INFO:colcon.colcon_core.shell:Creating environment hook '/home/manavendra/ros2_ws/src/install/lab1_py/share/lab1_py/hook/ament_prefix_path.sh'
[0.536s] INFO:colcon.colcon_core.shell:Skip shell extension 'powershell' for command environment: Not usable outside of PowerShell
[0.536s] DEBUG:colcon.colcon_core.shell:Skip shell extension 'dsv' for command environment
[0.541s] INFO:colcon.colcon_ros.task.ament_cmake.build:Building ROS package in '/home/manavendra/ros2_ws/src/lab2' with build type 'ament_cmake'
[0.542s] INFO:colcon.colcon_cmake.task.cmake.build:Building CMake package in '/home/manavendra/ros2_ws/src/lab2'
[0.543s] INFO:colcon.colcon_core.shell:Skip shell extension 'powershell' for command environment: Not usable outside of PowerShell
[0.543s] DEBUG:colcon.colcon_core.shell:Skip shell extension 'dsv' for command environment
[0.549s] INFO:colcon.colcon_ros.task.ament_cmake.build:Building ROS package in '/home/manavendra/ros2_ws/src/lab3' with build type 'ament_cmake'
[0.550s] INFO:colcon.colcon_cmake.task.cmake.build:Building CMake package in '/home/manavendra/ros2_ws/src/lab3'
[0.550s] INFO:colcon.colcon_core.shell:Skip shell extension 'powershell' for command environment: Not usable outside of PowerShell
[0.551s] DEBUG:colcon.colcon_core.shell:Skip shell extension 'dsv' for command environment
[0.556s] INFO:colcon.colcon_ros.task.ament_cmake.build:Building ROS package in '/home/manavendra/ros2_ws/src/lab4' with build type 'ament_cmake'
[0.557s] INFO:colcon.colcon_cmake.task.cmake.build:Building CMake package in '/home/manavendra/ros2_ws/src/lab4'
[0.557s] INFO:colcon.colcon_core.shell:Skip shell extension 'powershell' for command environment: Not usable outside of PowerShell
[0.557s] DEBUG:colcon.colcon_core.shell:Skip shell extension 'dsv' for command environment
[0.569s] DEBUG:colcon.colcon_core.event_handler.log_command:Invoking command in '/home/manavendra/ros2_ws/src/build/lab1_cpp': CMAKE_PREFIX_PATH=/opt/ros/foxy CONDA_PROMPT_MODIFIER=(base) /usr/bin/cmake /home/manavendra/ros2_ws/src/lab1_cpp -DCMAKE_INSTALL_PREFIX=/home/manavendra/ros2_ws/src/install/lab1_cpp
[0.857s] INFO:colcon.colcon_core.task.python.build:Building Python package in '/home/manavendra/ros2_ws/src/lab1_py'
[0.858s] INFO:colcon.colcon_core.shell:Skip shell extension 'powershell' for command environment: Not usable outside of PowerShell
[0.858s] DEBUG:colcon.colcon_core.shell:Skip shell extension 'dsv' for command environment
[0.875s] DEBUG:colcon.colcon_core.event_handler.log_command:Invoking command in '/home/manavendra/ros2_ws/src/build/lab2': CMAKE_PREFIX_PATH=/opt/ros/foxy CONDA_PROMPT_MODIFIER=(base) /usr/bin/cmake /home/manavendra/ros2_ws/src/lab2 -DCMAKE_INSTALL_PREFIX=/home/manavendra/ros2_ws/src/install/lab2
[0.881s] DEBUG:colcon.colcon_core.event_handler.log_command:Invoking command in '/home/manavendra/ros2_ws/src/build/lab3': CMAKE_PREFIX_PATH=/opt/ros/foxy CONDA_PROMPT_MODIFIER=(base) /usr/bin/cmake /home/manavendra/ros2_ws/src/lab3 -DCMAKE_INSTALL_PREFIX=/home/manavendra/ros2_ws/src/install/lab3
[0.887s] DEBUG:colcon.colcon_core.event_handler.log_command:Invoking command in '/home/manavendra/ros2_ws/src/build/lab4': CMAKE_PREFIX_PATH=/opt/ros/foxy CONDA_PROMPT_MODIFIER=(base) /usr/bin/cmake /home/manavendra/ros2_ws/src/lab4 -DCMAKE_INSTALL_PREFIX=/home/manavendra/ros2_ws/src/install/lab4
[1.634s] DEBUG:colcon.colcon_core.event_handler.log_command:Invoking command in '/home/manavendra/ros2_ws/src/lab1_py': CONDA_PROMPT_MODIFIER=(base) PYTHONPATH=/home/manavendra/ros2_ws/src/build/lab1_py/prefix_override:/home/manavendra/ros2_ws/src/install/lab1_py/lib/python3.8/site-packages:${PYTHONPATH} /usr/bin/python3 -W ignore:setup.py install is deprecated setup.py egg_info --egg-base ../build/lab1_py build --build-base /home/manavendra/ros2_ws/src/build/lab1_py/build install --record /home/manavendra/ros2_ws/src/build/lab1_py/install.log --install-scripts $base/lib/lab1_py --single-version-externally-managed install_data
[2.115s] DEBUG:colcon.colcon_core.event_handler.log_command:Invoked command in '/home/manavendra/ros2_ws/src/lab1_py' returned '0': CONDA_PROMPT_MODIFIER=(base) PYTHONPATH=/home/manavendra/ros2_ws/src/build/lab1_py/prefix_override:/home/manavendra/ros2_ws/src/install/lab1_py/lib/python3.8/site-packages:${PYTHONPATH} /usr/bin/python3 -W ignore:setup.py install is deprecated setup.py egg_info --egg-base ../build/lab1_py build --build-base /home/manavendra/ros2_ws/src/build/lab1_py/build install --record /home/manavendra/ros2_ws/src/build/lab1_py/install.log --install-scripts $base/lib/lab1_py --single-version-externally-managed install_data
[2.118s] Level 1:colcon.colcon_core.environment:checking '/home/manavendra/ros2_ws/src/install/lab1_py' for CMake module files
[2.118s] Level 1:colcon.colcon_core.environment:checking '/home/manavendra/ros2_ws/src/install/lab1_py' for CMake config files
[2.119s] Level 1:colcon.colcon_core.environment:checking '/home/manavendra/ros2_ws/src/install/lab1_py/lib'
[2.119s] Level 1:colcon.colcon_core.environment:checking '/home/manavendra/ros2_ws/src/install/lab1_py/bin'
[2.119s] Level 1:colcon.colcon_core.environment:checking '/home/manavendra/ros2_ws/src/install/lab1_py/lib/pkgconfig/lab1_py.pc'
[2.120s] Level 1:colcon.colcon_core.environment:checking '/home/manavendra/ros2_ws/src/install/lab1_py/lib/python3.8/site-packages'
[2.120s] Level 1:colcon.colcon_core.shell:create_environment_hook('lab1_py', 'pythonpath')
[2.120s] INFO:colcon.colcon_core.shell:Creating environment hook '/home/manavendra/ros2_ws/src/install/lab1_py/share/lab1_py/hook/pythonpath.ps1'
[2.121s] INFO:colcon.colcon_core.shell:Creating environment descriptor '/home/manavendra/ros2_ws/src/install/lab1_py/share/lab1_py/hook/pythonpath.dsv'
[2.121s] INFO:colcon.colcon_core.shell:Creating environment hook '/home/manavendra/ros2_ws/src/install/lab1_py/share/lab1_py/hook/pythonpath.sh'
[2.121s] Level 1:colcon.colcon_core.environment:checking '/home/manavendra/ros2_ws/src/install/lab1_py/bin'
[2.121s] Level 1:colcon.colcon_core.environment:create_environment_scripts_only(lab1_py)
[2.122s] INFO:colcon.colcon_core.shell:Creating package script '/home/manavendra/ros2_ws/src/install/lab1_py/share/lab1_py/package.ps1'
[2.123s] INFO:colcon.colcon_core.shell:Creating package descriptor '/home/manavendra/ros2_ws/src/install/lab1_py/share/lab1_py/package.dsv'
[2.124s] INFO:colcon.colcon_core.shell:Creating package script '/home/manavendra/ros2_ws/src/install/lab1_py/share/lab1_py/package.sh'
[2.124s] INFO:colcon.colcon_core.shell:Creating package script '/home/manavendra/ros2_ws/src/install/lab1_py/share/lab1_py/package.bash'
[2.125s] INFO:colcon.colcon_core.shell:Creating package script '/home/manavendra/ros2_ws/src/install/lab1_py/share/lab1_py/package.zsh'
[2.126s] Level 1:colcon.colcon_core.environment:create_file_with_runtime_dependencies(/home/manavendra/ros2_ws/src/install/lab1_py/share/colcon-core/packages/lab1_py)
[2.915s] DEBUG:colcon.colcon_core.event_handler.log_command:Invoked command in '/home/manavendra/ros2_ws/src/build/lab1_cpp' returned '0': CMAKE_PREFIX_PATH=/opt/ros/foxy CONDA_PROMPT_MODIFIER=(base) /usr/bin/cmake /home/manavendra/ros2_ws/src/lab1_cpp -DCMAKE_INSTALL_PREFIX=/home/manavendra/ros2_ws/src/install/lab1_cpp
[2.920s] DEBUG:colcon.colcon_core.event_handler.log_command:Invoking command in '/home/manavendra/ros2_ws/src/build/lab1_cpp': CMAKE_PREFIX_PATH=/opt/ros/foxy CONDA_PROMPT_MODIFIER=(base) /usr/bin/cmake --build /home/manavendra/ros2_ws/src/build/lab1_cpp -- -j8 -l8
[3.430s] DEBUG:colcon.colcon_core.event_handler.log_command:Invoked command in '/home/manavendra/ros2_ws/src/build/lab3' returned '0': CMAKE_PREFIX_PATH=/opt/ros/foxy CONDA_PROMPT_MODIFIER=(base) /usr/bin/cmake /home/manavendra/ros2_ws/src/lab3 -DCMAKE_INSTALL_PREFIX=/home/manavendra/ros2_ws/src/install/lab3
[3.434s] DEBUG:colcon.colcon_core.event_handler.log_command:Invoking command in '/home/manavendra/ros2_ws/src/build/lab3': CMAKE_PREFIX_PATH=/opt/ros/foxy CONDA_PROMPT_MODIFIER=(base) /usr/bin/cmake --build /home/manavendra/ros2_ws/src/build/lab3 -- -j8 -l8
[3.488s] DEBUG:colcon.colcon_core.event_handler.log_command:Invoked command in '/home/manavendra/ros2_ws/src/build/lab4' returned '0': CMAKE_PREFIX_PATH=/opt/ros/foxy CONDA_PROMPT_MODIFIER=(base) /usr/bin/cmake /home/manavendra/ros2_ws/src/lab4 -DCMAKE_INSTALL_PREFIX=/home/manavendra/ros2_ws/src/install/lab4
[3.491s] DEBUG:colcon.colcon_core.event_handler.log_command:Invoking command in '/home/manavendra/ros2_ws/src/build/lab4': CMAKE_PREFIX_PATH=/opt/ros/foxy CONDA_PROMPT_MODIFIER=(base) /usr/bin/cmake --build /home/manavendra/ros2_ws/src/build/lab4 -- -j8 -l8
[3.541s] DEBUG:colcon.colcon_core.event_handler.log_command:Invoked command in '/home/manavendra/ros2_ws/src/build/lab4' returned '0': CMAKE_PREFIX_PATH=/opt/ros/foxy CONDA_PROMPT_MODIFIER=(base) /usr/bin/cmake --build /home/manavendra/ros2_ws/src/build/lab4 -- -j8 -l8
[3.581s] DEBUG:colcon.colcon_core.event_handler.log_command:Invoking command in '/home/manavendra/ros2_ws/src/build/lab4': CMAKE_PREFIX_PATH=/opt/ros/foxy CONDA_PROMPT_MODIFIER=(base) /usr/bin/cmake --install /home/manavendra/ros2_ws/src/build/lab4
[3.639s] Level 1:colcon.colcon_core.environment:create_environment_scripts_only(lab4)
[3.640s] Level 1:colcon.colcon_core.environment:checking '/home/manavendra/ros2_ws/src/install/lab4' for CMake module files
[3.640s] DEBUG:colcon.colcon_core.event_handler.log_command:Invoked command in '/home/manavendra/ros2_ws/src/build/lab4' returned '0': CMAKE_PREFIX_PATH=/opt/ros/foxy CONDA_PROMPT_MODIFIER=(base) /usr/bin/cmake --install /home/manavendra/ros2_ws/src/build/lab4
[3.641s] Level 1:colcon.colcon_core.environment:checking '/home/manavendra/ros2_ws/src/install/lab4' for CMake config files
[3.641s] Level 1:colcon.colcon_core.shell:create_environment_hook('lab4', 'cmake_prefix_path')
[3.641s] INFO:colcon.colcon_core.shell:Creating environment hook '/home/manavendra/ros2_ws/src/install/lab4/share/lab4/hook/cmake_prefix_path.ps1'
[3.642s] INFO:colcon.colcon_core.shell:Creating environment descriptor '/home/manavendra/ros2_ws/src/install/lab4/share/lab4/hook/cmake_prefix_path.dsv'
[3.642s] INFO:colcon.colcon_core.shell:Creating environment hook '/home/manavendra/ros2_ws/src/install/lab4/share/lab4/hook/cmake_prefix_path.sh'
[3.643s] Level 1:colcon.colcon_core.environment:checking '/home/manavendra/ros2_ws/src/install/lab4/lib'
[3.643s] Level 1:colcon.colcon_core.environment:checking '/home/manavendra/ros2_ws/src/install/lab4/bin'
[3.643s] Level 1:colcon.colcon_core.environment:checking '/home/manavendra/ros2_ws/src/install/lab4/lib/pkgconfig/lab4.pc'
[3.643s] Level 1:colcon.colcon_core.environment:checking '/home/manavendra/ros2_ws/src/install/lab4/lib/python3.8/site-packages'
[3.644s] Level 1:colcon.colcon_core.environment:checking '/home/manavendra/ros2_ws/src/install/lab4/bin'
[3.644s] INFO:colcon.colcon_core.shell:Creating package script '/home/manavendra/ros2_ws/src/install/lab4/share/lab4/package.ps1'
[3.644s] INFO:colcon.colcon_core.shell:Creating package descriptor '/home/manavendra/ros2_ws/src/install/lab4/share/lab4/package.dsv'
[3.645s] INFO:colcon.colcon_core.shell:Creating package script '/home/manavendra/ros2_ws/src/install/lab4/share/lab4/package.sh'
[3.646s] INFO:colcon.colcon_core.shell:Creating package script '/home/manavendra/ros2_ws/src/install/lab4/share/lab4/package.bash'
[3.647s] INFO:colcon.colcon_core.shell:Creating package script '/home/manavendra/ros2_ws/src/install/lab4/share/lab4/package.zsh'
[3.648s] Level 1:colcon.colcon_core.environment:create_file_with_runtime_dependencies(/home/manavendra/ros2_ws/src/install/lab4/share/colcon-core/packages/lab4)
[3.675s] Level 1:colcon.colcon_core.environment:create_environment_scripts_only(lab4)
[3.676s] Level 1:colcon.colcon_core.environment:checking '/home/manavendra/ros2_ws/src/install/lab4' for CMake module files
[3.676s] Level 1:colcon.colcon_core.environment:checking '/home/manavendra/ros2_ws/src/install/lab4' for CMake config files
[3.676s] Level 1:colcon.colcon_core.shell:create_environment_hook('lab4', 'cmake_prefix_path')
[3.677s] INFO:colcon.colcon_core.shell:Creating environment hook '/home/manavendra/ros2_ws/src/install/lab4/share/lab4/hook/cmake_prefix_path.ps1'
[3.677s] INFO:colcon.colcon_core.shell:Creating environment descriptor '/home/manavendra/ros2_ws/src/install/lab4/share/lab4/hook/cmake_prefix_path.dsv'
[3.678s] INFO:colcon.colcon_core.shell:Creating environment hook '/home/manavendra/ros2_ws/src/install/lab4/share/lab4/hook/cmake_prefix_path.sh'
[3.679s] Level 1:colcon.colcon_core.environment:checking '/home/manavendra/ros2_ws/src/install/lab4/lib'
[3.679s] Level 1:colcon.colcon_core.environment:checking '/home/manavendra/ros2_ws/src/install/lab4/bin'
[3.679s] Level 1:colcon.colcon_core.environment:checking '/home/manavendra/ros2_ws/src/install/lab4/lib/pkgconfig/lab4.pc'
[3.679s] Level 1:colcon.colcon_core.environment:checking '/home/manavendra/ros2_ws/src/install/lab4/lib/python3.8/site-packages'
[3.679s] Level 1:colcon.colcon_core.environment:checking '/home/manavendra/ros2_ws/src/install/lab4/bin'
[3.680s] INFO:colcon.colcon_core.shell:Creating package script '/home/manavendra/ros2_ws/src/install/lab4/share/lab4/package.ps1'
[3.680s] INFO:colcon.colcon_core.shell:Creating package descriptor '/home/manavendra/ros2_ws/src/install/lab4/share/lab4/package.dsv'
[3.681s] INFO:colcon.colcon_core.shell:Creating package script '/home/manavendra/ros2_ws/src/install/lab4/share/lab4/package.sh'
[3.681s] INFO:colcon.colcon_core.shell:Creating package script '/home/manavendra/ros2_ws/src/install/lab4/share/lab4/package.bash'
[3.682s] INFO:colcon.colcon_core.shell:Creating package script '/home/manavendra/ros2_ws/src/install/lab4/share/lab4/package.zsh'
[3.682s] Level 1:colcon.colcon_core.environment:create_file_with_runtime_dependencies(/home/manavendra/ros2_ws/src/install/lab4/share/colcon-core/packages/lab4)
[3.998s] DEBUG:colcon.colcon_core.event_handler.log_command:Invoked command in '/home/manavendra/ros2_ws/src/build/lab2' returned '0': CMAKE_PREFIX_PATH=/opt/ros/foxy CONDA_PROMPT_MODIFIER=(base) /usr/bin/cmake /home/manavendra/ros2_ws/src/lab2 -DCMAKE_INSTALL_PREFIX=/home/manavendra/ros2_ws/src/install/lab2
[4.001s] DEBUG:colcon.colcon_core.event_handler.log_command:Invoking command in '/home/manavendra/ros2_ws/src/build/lab2': CMAKE_PREFIX_PATH=/opt/ros/foxy CONDA_PROMPT_MODIFIER=(base) /usr/bin/cmake --build /home/manavendra/ros2_ws/src/build/lab2 -- -j8 -l8
[9.073s] DEBUG:colcon.colcon_core.event_handler.log_command:Invoked command in '/home/manavendra/ros2_ws/src/build/lab1_cpp' returned '0': CMAKE_PREFIX_PATH=/opt/ros/foxy CONDA_PROMPT_MODIFIER=(base) /usr/bin/cmake --build /home/manavendra/ros2_ws/src/build/lab1_cpp -- -j8 -l8
[9.106s] DEBUG:colcon.colcon_core.event_handler.log_command:Invoking command in '/home/manavendra/ros2_ws/src/build/lab1_cpp': CMAKE_PREFIX_PATH=/opt/ros/foxy CONDA_PROMPT_MODIFIER=(base) /usr/bin/cmake --install /home/manavendra/ros2_ws/src/build/lab1_cpp
[9.125s] Level 1:colcon.colcon_core.environment:create_environment_scripts_only(lab1_cpp)
[9.126s] Level 1:colcon.colcon_core.environment:checking '/home/manavendra/ros2_ws/src/install/lab1_cpp' for CMake module files
[9.127s] DEBUG:colcon.colcon_core.event_handler.log_command:Invoked command in '/home/manavendra/ros2_ws/src/build/lab1_cpp' returned '0': CMAKE_PREFIX_PATH=/opt/ros/foxy CONDA_PROMPT_MODIFIER=(base) /usr/bin/cmake --install /home/manavendra/ros2_ws/src/build/lab1_cpp
[9.127s] Level 1:colcon.colcon_core.environment:checking '/home/manavendra/ros2_ws/src/install/lab1_cpp' for CMake config files
[9.127s] Level 1:colcon.colcon_core.shell:create_environment_hook('lab1_cpp', 'cmake_prefix_path')
[9.128s] INFO:colcon.colcon_core.shell:Creating environment hook '/home/manavendra/ros2_ws/src/install/lab1_cpp/share/lab1_cpp/hook/cmake_prefix_path.ps1'
[9.129s] INFO:colcon.colcon_core.shell:Creating environment descriptor '/home/manavendra/ros2_ws/src/install/lab1_cpp/share/lab1_cpp/hook/cmake_prefix_path.dsv'
[9.129s] INFO:colcon.colcon_core.shell:Creating environment hook '/home/manavendra/ros2_ws/src/install/lab1_cpp/share/lab1_cpp/hook/cmake_prefix_path.sh'
[9.130s] Level 1:colcon.colcon_core.environment:checking '/home/manavendra/ros2_ws/src/install/lab1_cpp/lib'
[9.130s] Level 1:colcon.colcon_core.environment:checking '/home/manavendra/ros2_ws/src/install/lab1_cpp/bin'
[9.130s] Level 1:colcon.colcon_core.environment:checking '/home/manavendra/ros2_ws/src/install/lab1_cpp/lib/pkgconfig/lab1_cpp.pc'
[9.131s] Level 1:colcon.colcon_core.environment:checking '/home/manavendra/ros2_ws/src/install/lab1_cpp/lib/python3.8/site-packages'
[9.131s] Level 1:colcon.colcon_core.environment:checking '/home/manavendra/ros2_ws/src/install/lab1_cpp/bin'
[9.132s] INFO:colcon.colcon_core.shell:Creating package script '/home/manavendra/ros2_ws/src/install/lab1_cpp/share/lab1_cpp/package.ps1'
[9.132s] INFO:colcon.colcon_core.shell:Creating package descriptor '/home/manavendra/ros2_ws/src/install/lab1_cpp/share/lab1_cpp/package.dsv'
[9.133s] INFO:colcon.colcon_core.shell:Creating package script '/home/manavendra/ros2_ws/src/install/lab1_cpp/share/lab1_cpp/package.sh'
[9.133s] INFO:colcon.colcon_core.shell:Creating package script '/home/manavendra/ros2_ws/src/install/lab1_cpp/share/lab1_cpp/package.bash'
[9.134s] INFO:colcon.colcon_core.shell:Creating package script '/home/manavendra/ros2_ws/src/install/lab1_cpp/share/lab1_cpp/package.zsh'
[9.134s] Level 1:colcon.colcon_core.environment:create_file_with_runtime_dependencies(/home/manavendra/ros2_ws/src/install/lab1_cpp/share/colcon-core/packages/lab1_cpp)
[9.166s] Level 1:colcon.colcon_core.environment:create_environment_scripts_only(lab1_cpp)
[9.167s] Level 1:colcon.colcon_core.environment:checking '/home/manavendra/ros2_ws/src/install/lab1_cpp' for CMake module files
[9.168s] Level 1:colcon.colcon_core.environment:checking '/home/manavendra/ros2_ws/src/install/lab1_cpp' for CMake config files
[9.168s] Level 1:colcon.colcon_core.shell:create_environment_hook('lab1_cpp', 'cmake_prefix_path')
[9.168s] INFO:colcon.colcon_core.shell:Creating environment hook '/home/manavendra/ros2_ws/src/install/lab1_cpp/share/lab1_cpp/hook/cmake_prefix_path.ps1'
[9.169s] INFO:colcon.colcon_core.shell:Creating environment descriptor '/home/manavendra/ros2_ws/src/install/lab1_cpp/share/lab1_cpp/hook/cmake_prefix_path.dsv'
[9.170s] INFO:colcon.colcon_core.shell:Creating environment hook '/home/manavendra/ros2_ws/src/install/lab1_cpp/share/lab1_cpp/hook/cmake_prefix_path.sh'
[9.171s] Level 1:colcon.colcon_core.environment:checking '/home/manavendra/ros2_ws/src/install/lab1_cpp/lib'
[9.171s] Level 1:colcon.colcon_core.environment:checking '/home/manavendra/ros2_ws/src/install/lab1_cpp/bin'
[9.171s] Level 1:colcon.colcon_core.environment:checking '/home/manavendra/ros2_ws/src/install/lab1_cpp/lib/pkgconfig/lab1_cpp.pc'
[9.171s] Level 1:colcon.colcon_core.environment:checking '/home/manavendra/ros2_ws/src/install/lab1_cpp/lib/python3.8/site-packages'
[9.172s] Level 1:colcon.colcon_core.environment:checking '/home/manavendra/ros2_ws/src/install/lab1_cpp/bin'
[9.172s] INFO:colcon.colcon_core.shell:Creating package script '/home/manavendra/ros2_ws/src/install/lab1_cpp/share/lab1_cpp/package.ps1'
[9.173s] INFO:colcon.colcon_core.shell:Creating package descriptor '/home/manavendra/ros2_ws/src/install/lab1_cpp/share/lab1_cpp/package.dsv'
[9.174s] INFO:colcon.colcon_core.shell:Creating package script '/home/manavendra/ros2_ws/src/install/lab1_cpp/share/lab1_cpp/package.sh'
[9.174s] INFO:colcon.colcon_core.shell:Creating package script '/home/manavendra/ros2_ws/src/install/lab1_cpp/share/lab1_cpp/package.bash'
[9.175s] INFO:colcon.colcon_core.shell:Creating package script '/home/manavendra/ros2_ws/src/install/lab1_cpp/share/lab1_cpp/package.zsh'
[9.176s] Level 1:colcon.colcon_core.environment:create_file_with_runtime_dependencies(/home/manavendra/ros2_ws/src/install/lab1_cpp/share/colcon-core/packages/lab1_cpp)
[9.639s] DEBUG:colcon.colcon_core.event_handler.log_command:Invoked command in '/home/manavendra/ros2_ws/src/build/lab3' returned '0': CMAKE_PREFIX_PATH=/opt/ros/foxy CONDA_PROMPT_MODIFIER=(base) /usr/bin/cmake --build /home/manavendra/ros2_ws/src/build/lab3 -- -j8 -l8
[9.670s] DEBUG:colcon.colcon_core.event_handler.log_command:Invoking command in '/home/manavendra/ros2_ws/src/build/lab3': CMAKE_PREFIX_PATH=/opt/ros/foxy CONDA_PROMPT_MODIFIER=(base) /usr/bin/cmake --install /home/manavendra/ros2_ws/src/build/lab3
[9.725s] Level 1:colcon.colcon_core.environment:create_environment_scripts_only(lab3)
[9.726s] Level 1:colcon.colcon_core.environment:checking '/home/manavendra/ros2_ws/src/install/lab3' for CMake module files
[9.727s] DEBUG:colcon.colcon_core.event_handler.log_command:Invoked command in '/home/manavendra/ros2_ws/src/build/lab3' returned '0': CMAKE_PREFIX_PATH=/opt/ros/foxy CONDA_PROMPT_MODIFIER=(base) /usr/bin/cmake --install /home/manavendra/ros2_ws/src/build/lab3
[9.727s] Level 1:colcon.colcon_core.environment:checking '/home/manavendra/ros2_ws/src/install/lab3' for CMake config files
[9.728s] Level 1:colcon.colcon_core.shell:create_environment_hook('lab3', 'cmake_prefix_path')
[9.728s] INFO:colcon.colcon_core.shell:Creating environment hook '/home/manavendra/ros2_ws/src/install/lab3/share/lab3/hook/cmake_prefix_path.ps1'
[9.729s] INFO:colcon.colcon_core.shell:Creating environment descriptor '/home/manavendra/ros2_ws/src/install/lab3/share/lab3/hook/cmake_prefix_path.dsv'
[9.729s] INFO:colcon.colcon_core.shell:Creating environment hook '/home/manavendra/ros2_ws/src/install/lab3/share/lab3/hook/cmake_prefix_path.sh'
[9.730s] Level 1:colcon.colcon_core.environment:checking '/home/manavendra/ros2_ws/src/install/lab3/lib'
[9.730s] Level 1:colcon.colcon_core.environment:checking '/home/manavendra/ros2_ws/src/install/lab3/bin'
[9.730s] Level 1:colcon.colcon_core.environment:checking '/home/manavendra/ros2_ws/src/install/lab3/lib/pkgconfig/lab3.pc'
[9.731s] Level 1:colcon.colcon_core.environment:checking '/home/manavendra/ros2_ws/src/install/lab3/lib/python3.8/site-packages'
[9.731s] Level 1:colcon.colcon_core.environment:checking '/home/manavendra/ros2_ws/src/install/lab3/bin'
[9.732s] INFO:colcon.colcon_core.shell:Creating package script '/home/manavendra/ros2_ws/src/install/lab3/share/lab3/package.ps1'
[9.732s] INFO:colcon.colcon_core.shell:Creating package descriptor '/home/manavendra/ros2_ws/src/install/lab3/share/lab3/package.dsv'
[9.733s] INFO:colcon.colcon_core.shell:Creating package script '/home/manavendra/ros2_ws/src/install/lab3/share/lab3/package.sh'
[9.734s] INFO:colcon.colcon_core.shell:Creating package script '/home/manavendra/ros2_ws/src/install/lab3/share/lab3/package.bash'
[9.734s] INFO:colcon.colcon_core.shell:Creating package script '/home/manavendra/ros2_ws/src/install/lab3/share/lab3/package.zsh'
[9.734s] Level 1:colcon.colcon_core.environment:create_file_with_runtime_dependencies(/home/manavendra/ros2_ws/src/install/lab3/share/colcon-core/packages/lab3)
[9.764s] Level 1:colcon.colcon_core.environment:create_environment_scripts_only(lab3)
[9.764s] Level 1:colcon.colcon_core.environment:checking '/home/manavendra/ros2_ws/src/install/lab3' for CMake module files
[9.765s] Level 1:colcon.colcon_core.environment:checking '/home/manavendra/ros2_ws/src/install/lab3' for CMake config files
[9.765s] Level 1:colcon.colcon_core.shell:create_environment_hook('lab3', 'cmake_prefix_path')
[9.766s] INFO:colcon.colcon_core.shell:Creating environment hook '/home/manavendra/ros2_ws/src/install/lab3/share/lab3/hook/cmake_prefix_path.ps1'
[9.766s] INFO:colcon.colcon_core.shell:Creating environment descriptor '/home/manavendra/ros2_ws/src/install/lab3/share/lab3/hook/cmake_prefix_path.dsv'
[9.767s] INFO:colcon.colcon_core.shell:Creating environment hook '/home/manavendra/ros2_ws/src/install/lab3/share/lab3/hook/cmake_prefix_path.sh'
[9.767s] Level 1:colcon.colcon_core.environment:checking '/home/manavendra/ros2_ws/src/install/lab3/lib'
[9.767s] Level 1:colcon.colcon_core.environment:checking '/home/manavendra/ros2_ws/src/install/lab3/bin'
[9.767s] Level 1:colcon.colcon_core.environment:checking '/home/manavendra/ros2_ws/src/install/lab3/lib/pkgconfig/lab3.pc'
[9.768s] Level 1:colcon.colcon_core.environment:checking '/home/manavendra/ros2_ws/src/install/lab3/lib/python3.8/site-packages'
[9.768s] Level 1:colcon.colcon_core.environment:checking '/home/manavendra/ros2_ws/src/install/lab3/bin'
[9.769s] INFO:colcon.colcon_core.shell:Creating package script '/home/manavendra/ros2_ws/src/install/lab3/share/lab3/package.ps1'
[9.769s] INFO:colcon.colcon_core.shell:Creating package descriptor '/home/manavendra/ros2_ws/src/install/lab3/share/lab3/package.dsv'
[9.770s] INFO:colcon.colcon_core.shell:Creating package script '/home/manavendra/ros2_ws/src/install/lab3/share/lab3/package.sh'
[9.770s] INFO:colcon.colcon_core.shell:Creating package script '/home/manavendra/ros2_ws/src/install/lab3/share/lab3/package.bash'
[9.770s] INFO:colcon.colcon_core.shell:Creating package script '/home/manavendra/ros2_ws/src/install/lab3/share/lab3/package.zsh'
[9.771s] Level 1:colcon.colcon_core.environment:create_file_with_runtime_dependencies(/home/manavendra/ros2_ws/src/install/lab3/share/colcon-core/packages/lab3)
[11.635s] DEBUG:colcon.colcon_core.event_handler.log_command:Invoked command in '/home/manavendra/ros2_ws/src/build/lab2' returned '0': CMAKE_PREFIX_PATH=/opt/ros/foxy CONDA_PROMPT_MODIFIER=(base) /usr/bin/cmake --build /home/manavendra/ros2_ws/src/build/lab2 -- -j8 -l8
[11.664s] DEBUG:colcon.colcon_core.event_handler.log_command:Invoking command in '/home/manavendra/ros2_ws/src/build/lab2': CMAKE_PREFIX_PATH=/opt/ros/foxy CONDA_PROMPT_MODIFIER=(base) /usr/bin/cmake --install /home/manavendra/ros2_ws/src/build/lab2
[11.716s] Level 1:colcon.colcon_core.environment:create_environment_scripts_only(lab2)
[11.716s] Level 1:colcon.colcon_core.environment:checking '/home/manavendra/ros2_ws/src/install/lab2' for CMake module files
[11.717s] DEBUG:colcon.colcon_core.event_handler.log_command:Invoked command in '/home/manavendra/ros2_ws/src/build/lab2' returned '0': CMAKE_PREFIX_PATH=/opt/ros/foxy CONDA_PROMPT_MODIFIER=(base) /usr/bin/cmake --install /home/manavendra/ros2_ws/src/build/lab2
[11.718s] Level 1:colcon.colcon_core.environment:checking '/home/manavendra/ros2_ws/src/install/lab2' for CMake config files
[11.718s] Level 1:colcon.colcon_core.shell:create_environment_hook('lab2', 'cmake_prefix_path')
[11.718s] INFO:colcon.colcon_core.shell:Creating environment hook '/home/manavendra/ros2_ws/src/install/lab2/share/lab2/hook/cmake_prefix_path.ps1'
[11.719s] INFO:colcon.colcon_core.shell:Creating environment descriptor '/home/manavendra/ros2_ws/src/install/lab2/share/lab2/hook/cmake_prefix_path.dsv'
[11.719s] INFO:colcon.colcon_core.shell:Creating environment hook '/home/manavendra/ros2_ws/src/install/lab2/share/lab2/hook/cmake_prefix_path.sh'
[11.719s] Level 1:colcon.colcon_core.environment:checking '/home/manavendra/ros2_ws/src/install/lab2/lib'
[11.720s] Level 1:colcon.colcon_core.environment:checking '/home/manavendra/ros2_ws/src/install/lab2/bin'
[11.720s] Level 1:colcon.colcon_core.environment:checking '/home/manavendra/ros2_ws/src/install/lab2/lib/pkgconfig/lab2.pc'
[11.720s] Level 1:colcon.colcon_core.environment:checking '/home/manavendra/ros2_ws/src/install/lab2/lib/python3.8/site-packages'
[11.720s] Level 1:colcon.colcon_core.environment:checking '/home/manavendra/ros2_ws/src/install/lab2/bin'
[11.720s] INFO:colcon.colcon_core.shell:Creating package script '/home/manavendra/ros2_ws/src/install/lab2/share/lab2/package.ps1'
[11.721s] INFO:colcon.colcon_core.shell:Creating package descriptor '/home/manavendra/ros2_ws/src/install/lab2/share/lab2/package.dsv'
[11.721s] INFO:colcon.colcon_core.shell:Creating package script '/home/manavendra/ros2_ws/src/install/lab2/share/lab2/package.sh'
[11.722s] INFO:colcon.colcon_core.shell:Creating package script '/home/manavendra/ros2_ws/src/install/lab2/share/lab2/package.bash'
[11.722s] INFO:colcon.colcon_core.shell:Creating package script '/home/manavendra/ros2_ws/src/install/lab2/share/lab2/package.zsh'
[11.722s] Level 1:colcon.colcon_core.environment:create_file_with_runtime_dependencies(/home/manavendra/ros2_ws/src/install/lab2/share/colcon-core/packages/lab2)
[11.746s] Level 1:colcon.colcon_core.environment:create_environment_scripts_only(lab2)
[11.747s] Level 1:colcon.colcon_core.environment:checking '/home/manavendra/ros2_ws/src/install/lab2' for CMake module files
[11.747s] Level 1:colcon.colcon_core.environment:checking '/home/manavendra/ros2_ws/src/install/lab2' for CMake config files
[11.747s] Level 1:colcon.colcon_core.shell:create_environment_hook('lab2', 'cmake_prefix_path')
[11.748s] INFO:colcon.colcon_core.shell:Creating environment hook '/home/manavendra/ros2_ws/src/install/lab2/share/lab2/hook/cmake_prefix_path.ps1'
[11.748s] INFO:colcon.colcon_core.shell:Creating environment descriptor '/home/manavendra/ros2_ws/src/install/lab2/share/lab2/hook/cmake_prefix_path.dsv'
[11.749s] INFO:colcon.colcon_core.shell:Creating environment hook '/home/manavendra/ros2_ws/src/install/lab2/share/lab2/hook/cmake_prefix_path.sh'
[11.750s] Level 1:colcon.colcon_core.environment:checking '/home/manavendra/ros2_ws/src/install/lab2/lib'
[11.750s] Level 1:colcon.colcon_core.environment:checking '/home/manavendra/ros2_ws/src/install/lab2/bin'
[11.750s] Level 1:colcon.colcon_core.environment:checking '/home/manavendra/ros2_ws/src/install/lab2/lib/pkgconfig/lab2.pc'
[11.750s] Level 1:colcon.colcon_core.environment:checking '/home/manavendra/ros2_ws/src/install/lab2/lib/python3.8/site-packages'
[11.751s] Level 1:colcon.colcon_core.environment:checking '/home/manavendra/ros2_ws/src/install/lab2/bin'
[11.751s] INFO:colcon.colcon_core.shell:Creating package script '/home/manavendra/ros2_ws/src/install/lab2/share/lab2/package.ps1'
[11.752s] INFO:colcon.colcon_core.shell:Creating package descriptor '/home/manavendra/ros2_ws/src/install/lab2/share/lab2/package.dsv'
[11.752s] INFO:colcon.colcon_core.shell:Creating package script '/home/manavendra/ros2_ws/src/install/lab2/share/lab2/package.sh'
[11.752s] INFO:colcon.colcon_core.shell:Creating package script '/home/manavendra/ros2_ws/src/install/lab2/share/lab2/package.bash'
[11.753s] INFO:colcon.colcon_core.shell:Creating package script '/home/manavendra/ros2_ws/src/install/lab2/share/lab2/package.zsh'
[11.753s] Level 1:colcon.colcon_core.environment:create_file_with_runtime_dependencies(/home/manavendra/ros2_ws/src/install/lab2/share/colcon-core/packages/lab2)
[11.754s] DEBUG:colcon.colcon_parallel_executor.executor.parallel:closing loop
[11.754s] DEBUG:colcon.colcon_parallel_executor.executor.parallel:loop closed
[11.754s] DEBUG:colcon.colcon_parallel_executor.executor.parallel:run_until_complete finished with '0'
[11.754s] DEBUG:colcon.colcon_core.event_reactor:joining thread
[11.764s] INFO:colcon.colcon_core.plugin_system:Skipping extension 'colcon_notification.desktop_notification.terminal_notifier': Not used on non-Darwin systems
[11.764s] INFO:colcon.colcon_core.plugin_system:Skipping extension 'colcon_notification.desktop_notification.win32': Not used on non-Windows systems
[11.764s] INFO:colcon.colcon_notification.desktop_notification:Sending desktop notification using 'notify2'
[11.782s] DEBUG:colcon.colcon_core.event_reactor:joined thread
[11.783s] INFO:colcon.colcon_core.shell:Creating prefix script '/home/manavendra/ros2_ws/src/install/local_setup.ps1'
[11.785s] INFO:colcon.colcon_core.shell:Creating prefix util module '/home/manavendra/ros2_ws/src/install/_local_setup_util_ps1.py'
[11.787s] INFO:colcon.colcon_core.shell:Creating prefix chain script '/home/manavendra/ros2_ws/src/install/setup.ps1'
[11.788s] INFO:colcon.colcon_core.shell:Creating prefix script '/home/manavendra/ros2_ws/src/install/local_setup.sh'
[11.789s] INFO:colcon.colcon_core.shell:Creating prefix util module '/home/manavendra/ros2_ws/src/install/_local_setup_util_sh.py'
[11.789s] INFO:colcon.colcon_core.shell:Creating prefix chain script '/home/manavendra/ros2_ws/src/install/setup.sh'
[11.790s] INFO:colcon.colcon_core.shell:Creating prefix script '/home/manavendra/ros2_ws/src/install/local_setup.bash'
[11.791s] INFO:colcon.colcon_core.shell:Creating prefix chain script '/home/manavendra/ros2_ws/src/install/setup.bash'
[11.792s] INFO:colcon.colcon_core.shell:Creating prefix script '/home/manavendra/ros2_ws/src/install/local_setup.zsh'
[11.792s] INFO:colcon.colcon_core.shell:Creating prefix chain script '/home/manavendra/ros2_ws/src/install/setup.zsh'
