-- The C compiler identification is GNU 9.4.0
-- The CXX compiler identification is GNU 9.4.0
-- Check for working C compiler: /usr/bin/cc
-- Check for working C compiler: /usr/bin/cc -- works
-- Detecting C compiler ABI info
-- Detecting C compiler ABI info - done
-- Detecting C compile features
-- Detecting C compile features - done
-- Check for working CXX compiler: /usr/bin/c++
-- Check for working CXX compiler: /usr/bin/c++ -- works
-- Detecting CXX compiler ABI info
-- Detecting CXX compiler ABI info - done
-- Detecting CXX compile features
-- Detecting CXX compile features - done
-- Found ament_cmake: 0.9.12 (/opt/ros/foxy/share/ament_cmake/cmake)
-- Found PythonInterp: /home/manavendra/miniconda3/bin/python3 (found suitable version "3.11.4", minimum required is "3") 
-- Using PYTHON_EXECUTABLE: /home/manavendra/miniconda3/bin/python3
-- Found std_msgs: 2.0.5 (/opt/ros/foxy/share/std_msgs/cmake)
-- Using all available rosidl_typesupport_c: rosidl_typesupport_fastrtps_c;rosidl_typesupport_introspection_c
-- Found rosidl_adapter: 1.3.1 (/opt/ros/foxy/share/rosidl_adapter/cmake)
-- Found OpenSSL: /usr/lib/x86_64-linux-gnu/libcrypto.so (found version "1.1.1f")  
-- Found FastRTPS: /opt/ros/foxy/include  
-- Using all available rosidl_typesupport_cpp: rosidl_typesupport_fastrtps_cpp;rosidl_typesupport_introspection_cpp
-- Found rclcpp: 2.4.3 (/opt/ros/foxy/share/rclcpp/cmake)
-- Found rmw_implementation_cmake: 1.0.4 (/opt/ros/foxy/share/rmw_implementation_cmake/cmake)
-- Using RMW implementation 'rmw_fastrtps_cpp' as default
-- Looking for pthread.h
-- Looking for pthread.h - found
-- Performing Test CMAKE_HAVE_LIBC_PTHREAD
-- Performing Test CMAKE_HAVE_LIBC_PTHREAD - Failed
-- Looking for pthread_create in pthreads
-- Looking for pthread_create in pthreads - not found
-- Looking for pthread_create in pthread
-- Looking for pthread_create in pthread - found
-- Found Threads: TRUE  
-- Found rclpy: 1.0.13 (/opt/ros/foxy/share/rclpy/cmake)
-- Found ackermann_msgs: 2.0.2 (/opt/ros/foxy/share/ackermann_msgs/cmake)
-- Found sensor_msgs: 2.0.5 (/opt/ros/foxy/share/sensor_msgs/cmake)
-- Found ament_lint_auto: 0.9.8 (/opt/ros/foxy/share/ament_lint_auto/cmake)
-- Added test 'copyright' to check source files copyright and LICENSE
-- Added test 'cppcheck' to perform static code analysis on C / C++ code
-- Configured cppcheck include dirs: /home/manavendra/ros2_ws/src/lab3/include
-- Configured cppcheck exclude dirs and/or files: 
-- Added test 'cpplint' to check C / C++ code against the Google style
-- Configured cpplint exclude dirs and/or files: 
-- Added test 'flake8' to check Python code syntax and style conventions
-- Added test 'lint_cmake' to check CMake code style
-- Added test 'pep257' to check Python code against some of the style conventions in PEP 257
-- Added test 'uncrustify' to check C / C++ code style
-- Configured uncrustify additional arguments: 
-- Added test 'xmllint' to check XML markup files
-- Configuring done
-- Generating done
-- Build files have been written to: /home/manavendra/ros2_ws/src/build/lab3
[35m[1mScanning dependencies of target wall_follow[0m
[ 50%] [32mBuilding CXX object CMakeFiles/wall_follow.dir/src/wall_follow.cpp.o[0m
[100%] [32m[1mLinking CXX executable wall_follow[0m
[100%] Built target wall_follow
-- Install configuration: ""
-- Installing: /home/manavendra/ros2_ws/src/install/lab3/lib/lab3/wall_follow
-- Set runtime path of "/home/manavendra/ros2_ws/src/install/lab3/lib/lab3/wall_follow" to ""
-- Installing: /home/manavendra/ros2_ws/src/install/lab3/share/lab3/environment/pythonpath.sh
-- Installing: /home/manavendra/ros2_ws/src/install/lab3/share/lab3/environment/pythonpath.dsv
-- Installing: /home/manavendra/ros2_ws/src/install/lab3/lib/python3.11/site-packages/lab3
-- Installing: /home/manavendra/ros2_ws/src/install/lab3/lib/python3.11/site-packages/lab3/__init__.py
Listing '/home/manavendra/ros2_ws/src/install/lab3/lib/python3.11/site-packages/lab3'...
Compiling '/home/manavendra/ros2_ws/src/install/lab3/lib/python3.11/site-packages/lab3/__init__.py'...
-- Installing: /home/manavendra/ros2_ws/src/install/lab3/lib/lab3/wall_follow.py
-- Installing: /home/manavendra/ros2_ws/src/install/lab3/share/lab3/launch
-- Installing: /home/manavendra/ros2_ws/src/install/lab3/share/lab3/launch/lab3_wall_follow.py
-- Installing: /home/manavendra/ros2_ws/src/install/lab3/share/ament_index/resource_index/package_run_dependencies/lab3
-- Installing: /home/manavendra/ros2_ws/src/install/lab3/share/ament_index/resource_index/parent_prefix_path/lab3
-- Installing: /home/manavendra/ros2_ws/src/install/lab3/share/lab3/environment/ament_prefix_path.sh
-- Installing: /home/manavendra/ros2_ws/src/install/lab3/share/lab3/environment/ament_prefix_path.dsv
-- Installing: /home/manavendra/ros2_ws/src/install/lab3/share/lab3/environment/path.sh
-- Installing: /home/manavendra/ros2_ws/src/install/lab3/share/lab3/environment/path.dsv
-- Installing: /home/manavendra/ros2_ws/src/install/lab3/share/lab3/local_setup.bash
-- Installing: /home/manavendra/ros2_ws/src/install/lab3/share/lab3/local_setup.sh
-- Installing: /home/manavendra/ros2_ws/src/install/lab3/share/lab3/local_setup.zsh
-- Installing: /home/manavendra/ros2_ws/src/install/lab3/share/lab3/local_setup.dsv
-- Installing: /home/manavendra/ros2_ws/src/install/lab3/share/lab3/package.dsv
-- Installing: /home/manavendra/ros2_ws/src/install/lab3/share/ament_index/resource_index/packages/lab3
-- Installing: /home/manavendra/ros2_ws/src/install/lab3/share/lab3/cmake/lab3Config.cmake
-- Installing: /home/manavendra/ros2_ws/src/install/lab3/share/lab3/cmake/lab3Config-version.cmake
-- Installing: /home/manavendra/ros2_ws/src/install/lab3/share/lab3/package.xml
