[0.331s] Invoking command in '/home/manavendra/ros2_ws/src/build/lab3': CMAKE_PREFIX_PATH=/opt/ros/foxy CONDA_PROMPT_MODIFIER=(base) /usr/bin/cmake /home/manavendra/ros2_ws/src/lab3 -DCMAKE_INSTALL_PREFIX=/home/manavendra/ros2_ws/src/install/lab3
[0.404s] -- The C compiler identification is GNU 9.4.0
[0.482s] -- The CXX compiler identification is GNU 9.4.0
[0.490s] -- Check for working C compiler: /usr/bin/cc
[0.592s] -- Check for working C compiler: /usr/bin/cc -- works
[0.593s] -- Detecting C compiler ABI info
[0.692s] -- Detecting C compiler ABI info - done
[0.720s] -- Detecting C compile features
[0.721s] -- Detecting C compile features - done
[0.725s] -- Check for working CXX compiler: /usr/bin/c++
[0.852s] -- Check for working CXX compiler: /usr/bin/c++ -- works
[0.853s] -- Detecting CXX compiler ABI info
[0.952s] -- Detecting CXX compiler ABI info - done
[0.965s] -- Detecting CXX compile features
[0.966s] -- Detecting CXX compile features - done
[0.968s] -- Found ament_cmake: 0.9.12 (/opt/ros/foxy/share/ament_cmake/cmake)
[1.002s] -- Found PythonInterp: /home/manavendra/miniconda3/bin/python3 (found suitable version "3.11.4", minimum required is "3") 
[1.003s] -- Using PYTHON_EXECUTABLE: /home/manavendra/miniconda3/bin/python3
[1.243s] -- Found std_msgs: 2.0.5 (/opt/ros/foxy/share/std_msgs/cmake)
[1.289s] -- Using all available rosidl_typesupport_c: rosidl_typesupport_fastrtps_c;rosidl_typesupport_introspection_c
[1.302s] -- Found rosidl_adapter: 1.3.1 (/opt/ros/foxy/share/rosidl_adapter/cmake)
[1.405s] -- Found OpenSSL: /usr/lib/x86_64-linux-gnu/libcrypto.so (found version "1.1.1f")  
[1.461s] -- Found FastRTPS: /opt/ros/foxy/include  
[1.601s] -- Using all available rosidl_typesupport_cpp: rosidl_typesupport_fastrtps_cpp;rosidl_typesupport_introspection_cpp
[1.662s] -- Found rclcpp: 2.4.3 (/opt/ros/foxy/share/rclcpp/cmake)
[1.717s] -- Found rmw_implementation_cmake: 1.0.4 (/opt/ros/foxy/share/rmw_implementation_cmake/cmake)
[1.720s] -- Using RMW implementation 'rmw_fastrtps_cpp' as default
[1.721s] -- Looking for pthread.h
[1.814s] -- Looking for pthread.h - found
[1.814s] -- Performing Test CMAKE_HAVE_LIBC_PTHREAD
[1.913s] -- Performing Test CMAKE_HAVE_LIBC_PTHREAD - Failed
[1.914s] -- Looking for pthread_create in pthreads
[1.983s] -- Looking for pthread_create in pthreads - not found
[1.983s] -- Looking for pthread_create in pthread
[2.064s] -- Looking for pthread_create in pthread - found
[2.065s] -- Found Threads: TRUE  
[2.234s] -- Found rclpy: 1.0.13 (/opt/ros/foxy/share/rclpy/cmake)
[2.236s] -- Found ackermann_msgs: 2.0.2 (/opt/ros/foxy/share/ackermann_msgs/cmake)
[2.273s] -- Found sensor_msgs: 2.0.5 (/opt/ros/foxy/share/sensor_msgs/cmake)
[2.422s] -- Found ament_lint_auto: 0.9.8 (/opt/ros/foxy/share/ament_lint_auto/cmake)
[2.832s] -- Added test 'copyright' to check source files copyright and LICENSE
[2.834s] -- Added test 'cppcheck' to perform static code analysis on C / C++ code
[2.834s] -- Configured cppcheck include dirs: /home/manavendra/ros2_ws/src/lab3/include
[2.834s] -- Configured cppcheck exclude dirs and/or files: 
[2.836s] -- Added test 'cpplint' to check C / C++ code against the Google style
[2.836s] -- Configured cpplint exclude dirs and/or files: 
[2.837s] -- Added test 'flake8' to check Python code syntax and style conventions
[2.838s] -- Added test 'lint_cmake' to check CMake code style
[2.839s] -- Added test 'pep257' to check Python code against some of the style conventions in PEP 257
[2.841s] -- Added test 'uncrustify' to check C / C++ code style
[2.841s] -- Configured uncrustify additional arguments: 
[2.841s] -- Added test 'xmllint' to check XML markup files
[2.847s] -- Configuring done
[2.863s] -- Generating done
[2.866s] -- Build files have been written to: /home/manavendra/ros2_ws/src/build/lab3
[2.881s] Invoked command in '/home/manavendra/ros2_ws/src/build/lab3' returned '0': CMAKE_PREFIX_PATH=/opt/ros/foxy CONDA_PROMPT_MODIFIER=(base) /usr/bin/cmake /home/manavendra/ros2_ws/src/lab3 -DCMAKE_INSTALL_PREFIX=/home/manavendra/ros2_ws/src/install/lab3
[2.885s] Invoking command in '/home/manavendra/ros2_ws/src/build/lab3': CMAKE_PREFIX_PATH=/opt/ros/foxy CONDA_PROMPT_MODIFIER=(base) /usr/bin/cmake --build /home/manavendra/ros2_ws/src/build/lab3 -- -j8 -l8
[2.944s] [35m[1mScanning dependencies of target wall_follow[0m
[3.012s] [ 50%] [32mBuilding CXX object CMakeFiles/wall_follow.dir/src/wall_follow.cpp.o[0m
[8.760s] [100%] [32m[1mLinking CXX executable wall_follow[0m
[9.077s] [100%] Built target wall_follow
[9.090s] Invoked command in '/home/manavendra/ros2_ws/src/build/lab3' returned '0': CMAKE_PREFIX_PATH=/opt/ros/foxy CONDA_PROMPT_MODIFIER=(base) /usr/bin/cmake --build /home/manavendra/ros2_ws/src/build/lab3 -- -j8 -l8
[9.120s] Invoking command in '/home/manavendra/ros2_ws/src/build/lab3': CMAKE_PREFIX_PATH=/opt/ros/foxy CONDA_PROMPT_MODIFIER=(base) /usr/bin/cmake --install /home/manavendra/ros2_ws/src/build/lab3
[9.129s] -- Install configuration: ""
[9.130s] -- Installing: /home/manavendra/ros2_ws/src/install/lab3/lib/lab3/wall_follow
[9.133s] -- Set runtime path of "/home/manavendra/ros2_ws/src/install/lab3/lib/lab3/wall_follow" to ""
[9.133s] -- Installing: /home/manavendra/ros2_ws/src/install/lab3/share/lab3/environment/pythonpath.sh
[9.133s] -- Installing: /home/manavendra/ros2_ws/src/install/lab3/share/lab3/environment/pythonpath.dsv
[9.133s] -- Installing: /home/manavendra/ros2_ws/src/install/lab3/lib/python3.11/site-packages/lab3
[9.133s] -- Installing: /home/manavendra/ros2_ws/src/install/lab3/lib/python3.11/site-packages/lab3/__init__.py
[9.166s] Listing '/home/manavendra/ros2_ws/src/install/lab3/lib/python3.11/site-packages/lab3'...
[9.166s] Compiling '/home/manavendra/ros2_ws/src/install/lab3/lib/python3.11/site-packages/lab3/__init__.py'...
[9.171s] -- Installing: /home/manavendra/ros2_ws/src/install/lab3/lib/lab3/wall_follow.py
[9.171s] -- Installing: /home/manavendra/ros2_ws/src/install/lab3/share/lab3/launch
[9.171s] -- Installing: /home/manavendra/ros2_ws/src/install/lab3/share/lab3/launch/lab3_wall_follow.py
[9.172s] -- Installing: /home/manavendra/ros2_ws/src/install/lab3/share/ament_index/resource_index/package_run_dependencies/lab3
[9.172s] -- Installing: /home/manavendra/ros2_ws/src/install/lab3/share/ament_index/resource_index/parent_prefix_path/lab3
[9.172s] -- Installing: /home/manavendra/ros2_ws/src/install/lab3/share/lab3/environment/ament_prefix_path.sh
[9.172s] -- Installing: /home/manavendra/ros2_ws/src/install/lab3/share/lab3/environment/ament_prefix_path.dsv
[9.172s] -- Installing: /home/manavendra/ros2_ws/src/install/lab3/share/lab3/environment/path.sh
[9.172s] -- Installing: /home/manavendra/ros2_ws/src/install/lab3/share/lab3/environment/path.dsv
[9.173s] -- Installing: /home/manavendra/ros2_ws/src/install/lab3/share/lab3/local_setup.bash
[9.173s] -- Installing: /home/manavendra/ros2_ws/src/install/lab3/share/lab3/local_setup.sh
[9.173s] -- Installing: /home/manavendra/ros2_ws/src/install/lab3/share/lab3/local_setup.zsh
[9.173s] -- Installing: /home/manavendra/ros2_ws/src/install/lab3/share/lab3/local_setup.dsv
[9.173s] -- Installing: /home/manavendra/ros2_ws/src/install/lab3/share/lab3/package.dsv
[9.173s] -- Installing: /home/manavendra/ros2_ws/src/install/lab3/share/ament_index/resource_index/packages/lab3
[9.174s] -- Installing: /home/manavendra/ros2_ws/src/install/lab3/share/lab3/cmake/lab3Config.cmake
[9.174s] -- Installing: /home/manavendra/ros2_ws/src/install/lab3/share/lab3/cmake/lab3Config-version.cmake
[9.174s] -- Installing: /home/manavendra/ros2_ws/src/install/lab3/share/lab3/package.xml
[9.178s] Invoked command in '/home/manavendra/ros2_ws/src/build/lab3' returned '0': CMAKE_PREFIX_PATH=/opt/ros/foxy CONDA_PROMPT_MODIFIER=(base) /usr/bin/cmake --install /home/manavendra/ros2_ws/src/build/lab3
